[ayeshaakamal.com/index.html]
[backblue.gif]
[fade.gif]
[index.html]
[ayeshaakamal.com/feed/index.html]
[ayeshaakamal.com/wp-includes/blocks/navigation/style.min1ae8.css]
[ayeshaakamal.com/wp-content/plugins/elementor/assets/css/frontend-lite.min8864.css]
[ayeshaakamal.com/wp-content/uploads/elementor/css/post-25681308.css]
[ayeshaakamal.com/wp-includes/blocks/social-links/style.min1ae8.css]
[ayeshaakamal.com/wp-content/themes/raft/assets/css/build/style0ba6.css]
[ayeshaakamal.com/wp-content/plugins/elementor/assets/lib/eicons/css/elementor-icons.min192d.css]
[ayeshaakamal.com/comments/feed/index.html]
[ayeshaakamal.com/wp-content/plugins/elementor/assets/lib/swiper/v8/css/swiper94a4.css]
[ayeshaakamal.com/wp-content/uploads/elementor/css/post-33041308.css]
[ayeshaakamal.com/wp-content/uploads/elementor/css/global1308.css]
[ayeshaakamal.com/wp-includes/js/dist/interactivity.min1ae8.js]
[ayeshaakamal.com/wp-includes/blocks/navigation/view.minff1e.js]
[ayeshaakamal.com/wp-json/index.html]
[ayeshaakamal.com/wp-json/wp/v2/pages/2568.json]
[ayeshaakamal.com/wp-json/oembed/1.0/embed1006.json]
[ayeshaakamal.com/wp-json/oembed/1.0/embed1996]
[ayeshaakamal.com/wp-content/themes/raft/assets/fonts/readex-pro/ReadexPro-VariableFont_wght.ttf]
[ayeshaakamal.com/wp-content/themes/raft/assets/fonts/source-serif-pro/SourceSerif4Variable-Roman.ttf.woff2]
[ayeshaakamal.com/wp-content/themes/raft/assets/fonts/source-serif-pro/SourceSerif4Variable-Italic.ttf.woff2]
[ayeshaakamal.com/wp-content/themes/raft/assets/fonts/figtree/Figtree-VariableFont_wght.ttf]
[ayeshaakamal.com/wp-content/themes/raft/assets/fonts/figtree/Figtree-Italic-VariableFont_wght.ttf]
[ayeshaakamal.com/wp-content/themes/raft/assets/fonts/outfit/Outfit-VariableFont_wght.ttf]
[ayeshaakamal.com/wp-content/themes/raft/assets/fonts/lora/Lora-VariableFont_wght.ttf]
[ayeshaakamal.com/wp-content/themes/raft/assets/fonts/lora/Lora-Italic-VariableFont_wght.ttf]
[ayeshaakamal.com/wp-content/uploads/2021/04/cropped-AyeshaaKamal.com-Logo-2-32x32.png]
[ayeshaakamal.com/wp-content/uploads/2021/04/cropped-AyeshaaKamal.com-Logo-2-192x192.png]
[ayeshaakamal.com/wp-content/uploads/2021/04/cropped-AyeshaaKamal.com-Logo-2-180x180.png]
[ayeshaakamal.com/wp-content/uploads/2022/08/IMG_3190-1-768x1024.jpg]
[ayeshaakamal.com/biography/index.html]
[ayeshaakamal.com/paintings/index.html]
[ayeshaakamal.com/exhibitions/index.html]
[ayeshaakamal.com/wp-content/uploads/2023/06/IMG_202306222135232-1-768x1024.jpg]
[ayeshaakamal.com/home/contact/index.html]
[ayeshaakamal.com/wp-content/uploads/2021/06/2021_04_26_17_46_IMG_7985-768x1024.jpg]
[ayeshaakamal.com/wp-content/uploads/2023/06/IMG_8278-768x1024.jpg]
[ayeshaakamal.com/interviews/index.html]
[ayeshaakamal.com/wp-content/plugins/elementor/assets/js/webpack.runtime.min8864.js]
[ayeshaakamal.com/contact/index.html]
[ayeshaakamal.com/wp-includes/js/jquery/jquery.minf43b.js]
[ayeshaakamal.com/wp-includes/js/jquery/jquery-migrate.min5589.js]
[ayeshaakamal.com/wp-content/plugins/elementor/assets/js/frontend-modules.min8864.js]
[ayeshaakamal.com/wp-content/plugins/elementor/assets/lib/waypoints/waypoints.min05da.js]
[ayeshaakamal.com/wp-includes/js/jquery/ui/core.min3f14.js]
[ayeshaakamal.com/wp-content/plugins/elementor/assets/js/frontend.min8864.js]
[ayeshaakamal.com/wp-includes/js/underscore.mind584.js]
[ayeshaakamal.com/wp-includes/js/wp-util.min1ae8.js]
[ayeshaakamal.com/wp-content/plugins/wpforms-lite/assets/js/integrations/elementor/frontend.mine6a2.js]
[ayeshaakamal.com/index.html]
[ayeshaakamal.com/wp-includes/blocks/navigation/style.min1ae8.css]
[ayeshaakamal.com/wp-content/plugins/elementor/assets/css/frontend-lite.min8864.css]
[ayeshaakamal.com/wp-content/uploads/elementor/css/post-25681308.css]
[ayeshaakamal.com/wp-includes/blocks/social-links/style.min1ae8.css]
[ayeshaakamal.com/wp-content/themes/raft/assets/css/build/style0ba6.css]
[ayeshaakamal.com/wp-content/plugins/elementor/assets/lib/eicons/fonts/eicons9506.eot]
[ayeshaakamal.com/wp-content/plugins/elementor/assets/lib/eicons/fonts/eicons9506.woff2]
[ayeshaakamal.com/wp-content/plugins/elementor/assets/lib/eicons/fonts/eicons9506.woff]
[ayeshaakamal.com/wp-content/plugins/elementor/assets/lib/eicons/fonts/eicons9506.ttf]
[ayeshaakamal.com/wp-content/plugins/elementor/assets/lib/eicons/css/elementor-icons.min192d.css]
[ayeshaakamal.com/wp-content/plugins/elementor/assets/lib/swiper/v8/css/swiper94a4.css]
[ayeshaakamal.com/wp-content/uploads/elementor/css/post-33041308.css]
[ayeshaakamal.com/wp-content/uploads/elementor/css/global1308.css]
[ayeshaakamal.com/xmlrpc0db0.html]
[ayeshaakamal.com/wp-content/plugins/elementor/assets/lib/eicons/fonts/eicons9506.svg]
[ayeshaakamal.com/wp-content/uploads/elementor/css/post-3482aa94.css]
[ayeshaakamal.com/wp-json/wp/v2/pages/3482.json]
[ayeshaakamal.com/wp-json/oembed/1.0/embed6934.json]
[ayeshaakamal.com/wp-json/oembed/1.0/embed943c]
[ayeshaakamal.com/wp-content/uploads/2021/04/2022_01_29_10_35_IMG_2841-1024x1024.jpg]
[ayeshaakamal.com/wp-content/uploads/2023/06/IMG_4080-1024x643.jpg]
[ayeshaakamal.com/availablepaintings/index.html]
[ayeshaakamal.com/wp-content/uploads/2023/06/IMG_202306222135232-768x915.jpg]
[ayeshaakamal.com/wp-content/uploads/2021/04/IMG_202304190128100-1024x654.jpg]
[ayeshaakamal.com/wp-content/uploads/2021/04/2022_05_19_18_37_IMG_1298-1024x1024.jpg]
[ayeshaakamal.com/wp-content/uploads/2023/06/IMG_7868-1024x566.jpg]
[ayeshaakamal.com/wp-content/uploads/2023/07/IMG_202307031641114-1024x758.jpg]
[ayeshaakamal.com/wp-content/uploads/2023/07/IMG_9566-scaled.jpg]
[ayeshaakamal.com/wp-content/uploads/2023/07/IMG_2023070316411136.jpg]
[ayeshaakamal.com/wp-content/uploads/2021/04/IMG_2419-1024x1024.jpg]
[ayeshaakamal.com/wp-content/uploads/2023/06/IMG_0687-849x1024.jpg]
[ayeshaakamal.com/wp-content/uploads/2023/07/IMG_202307031641112-scaled.jpg]
[ayeshaakamal.com/wp-content/uploads/2021/04/2021_08_26_16_24_IMG_2756-1-1024x499.jpg]
[ayeshaakamal.com/wp-content/uploads/2023/07/IMG_2023070316411125-scaled.jpg]
[ayeshaakamal.com/wp-content/uploads/2023/07/IMG_2023070316411111-861x1024.jpg]
[ayeshaakamal.com/wp-content/plugins/elementor/assets/lib/animations/animations.min8864.css]
[ayeshaakamal.com/paintings/index.html]
[ayeshaakamal.com/paintings2/index.html]
[ayeshaakamal.com/wp-content/uploads/elementor/css/post-36129765.css]
[ayeshaakamal.com/wp-json/wp/v2/pages/3612.json]
[ayeshaakamal.com/wp-json/oembed/1.0/embed4c0c.json]
[ayeshaakamal.com/wp-json/oembed/1.0/embedf965]
[ayeshaakamal.com/biography/index.html]
[ayeshaakamal.com/wp-content/uploads/elementor/css/post-3620a1a4.css]
[ayeshaakamal.com/wp-json/wp/v2/pages/3620.json]
[ayeshaakamal.com/wp-json/oembed/1.0/embed07fc.json]
[ayeshaakamal.com/wp-json/oembed/1.0/embed71f4]
[ayeshaakamal.com/wp-content/uploads/2023/11/IMG_6989-768x1024.jpg]
[ayeshaakamal.com/wp-content/uploads/2023/11/IMG_7061-768x1024.jpg]
[ayeshaakamal.com/wp-content/uploads/2023/11/IMG_6986-768x1024.jpg]
[ayeshaakamal.com/wp-content/uploads/2023/11/IMG_7030-768x1024.jpg]
[ayeshaakamal.com/wp-content/uploads/2023/11/IMG_7092-768x1024.jpg]
[ayeshaakamal.com/wp-content/uploads/2023/11/IMG_7100-768x1024.jpg]
[ayeshaakamal.com/wp-content/uploads/2022/08/IMG_5202-2-768x1024.jpg]
[ayeshaakamal.com/wp-content/uploads/2022/08/IMG_3270-768x1024.jpg]
[ayeshaakamal.com/wp-content/uploads/2022/08/IMG_3380-768x1024.jpg]
[ayeshaakamal.com/wp-content/uploads/2022/08/40d22554-6d24-4485-9307-e108f7018b5b-1024x768.jpg]
[ayeshaakamal.com/wp-content/uploads/2022/08/2a332da0-21c3-4333-9668-179accd62c15-1024x768.jpg]
[ayeshaakamal.com/wp-content/uploads/2022/08/daa6822a-9dc5-42a9-8340-64aa855aebab-1024x768.jpg]
[ayeshaakamal.com/wp-content/uploads/2022/08/1129ffb1-2649-4cae-8301-b17cd8ccc15a-1024x768.jpg]
[ayeshaakamal.com/wp-content/uploads/2022/08/D48BE774-95E1-4F27-B14D-A4366FB3B739-1024x769.jpg]
[ayeshaakamal.com/wp-content/uploads/2023/07/IMG_2290.jpg]
[ayeshaakamal.com/wp-content/uploads/2023/07/IMG_0480.jpg]
[ayeshaakamal.com/wp-content/uploads/2022/08/IMG_4053-768x1024.jpg]
[ayeshaakamal.com/wp-content/uploads/2022/08/IMG_4008-768x1024.jpg]
[ayeshaakamal.com/wp-content/uploads/2022/08/IMG_4497-768x1024.jpg]
[ayeshaakamal.com/wp-content/uploads/2022/08/IMG_5045-1024x683.jpg]
[ayeshaakamal.com/exhibitions/index.html]
[ayeshaakamal.com/wp-content/uploads/elementor/css/post-21311580.css]
[ayeshaakamal.com/wp-content/plugins/wpforms-lite/assets/css/frontend/modern/wpforms-full.mine6a2.css]
[ayeshaakamal.com/wp-content/plugins/elementor/assets/lib/font-awesome/css/fontawesome.min52d5.css]
[ayeshaakamal.com/wp-content/plugins/elementor/assets/lib/font-awesome/css/regular.min52d5.css]
[ayeshaakamal.com/wp-content/plugins/elementor/assets/lib/font-awesome/css/solid.min52d5.css]
[ayeshaakamal.com/wp-json/wp/v2/pages/2131.json]
[ayeshaakamal.com/wp-json/oembed/1.0/embedff63.json]
[ayeshaakamal.com/wp-json/oembed/1.0/embed7c61]
[ayeshaakamal.com/wp-content/plugins/wpforms-lite/assets/images/submit-spin.svg]
[ayeshaakamal.com/wp-content/plugins/wpforms-lite/assets/lib/jquery.validate.min7e9d.js]
[ayeshaakamal.com/wp-content/plugins/wpforms-lite/assets/lib/mailcheck.mincfa9.js]
[ayeshaakamal.com/wp-content/plugins/wpforms-lite/assets/lib/punycode.min8a54.js]
[ayeshaakamal.com/wp-content/plugins/wpforms-lite/assets/js/utils.mine6a2.js]
[ayeshaakamal.com/wp-content/plugins/wpforms-lite/assets/js/wpforms.mine6a2.js]
[ayeshaakamal.com/wp-content/plugins/wpforms-lite/assets/js/wpforms-modern.mine6a2.js]
[ayeshaakamal.com/home/contact/index.html]
[ayeshaakamal.com/wp-content/uploads/elementor/css/post-36248a68.css]
[ayeshaakamal.com/wp-json/wp/v2/pages/3624.json]
[ayeshaakamal.com/wp-json/oembed/1.0/embedee70.json]
[ayeshaakamal.com/wp-json/oembed/1.0/embeda4ab]
[ayeshaakamal.com/wp-content/uploads/2023/07/IMG_0382.jpg]
[ayeshaakamal.com/wp-content/uploads/2023/07/IMG_0383-1024x1024.jpg]
[ayeshaakamal.com/wp-content/uploads/2023/07/IMG_0385-1024x570.jpg]
[ayeshaakamal.com/wp-content/uploads/2023/07/IMG_0386.jpg]
[ayeshaakamal.com/wp-content/uploads/2023/07/IMG_0387-1024x503.jpg]
[ayeshaakamal.com/wp-content/uploads/2023/07/IMG_0523-1024x578.jpg]
[ayeshaakamal.com/interviews/index.html]
[ayeshaakamal.com/wp-includes/js/comment-reply.min1ae8.js]
[ayeshaakamal.com/contact/index.html]
[ayeshaakamal.com/wp-content/plugins/elementor/assets/lib/eicons/fonts/eicons9506.svg]
[ayeshaakamal.com/wp-content/uploads/elementor/css/post-3482aa94.css]
[ayeshaakamal.com/wp-content/uploads/elementor/css/post-35715c3e.css]
[ayeshaakamal.com/wp-json/wp/v2/pages/3571.json]
[ayeshaakamal.com/wp-json/oembed/1.0/embed5367.json]
[ayeshaakamal.com/wp-json/oembed/1.0/embed90bc]
[ayeshaakamal.com/wp-content/uploads/2023/07/IMG_9343-scaled.jpg]
[ayeshaakamal.com/wp-content/uploads/2023/08/IMG_9349-scaled.jpg]
[ayeshaakamal.com/wp-content/uploads/2023/08/IMG_9352-scaled.jpg]
[ayeshaakamal.com/wp-content/uploads/2023/08/IMG_9362-scaled.jpg]
[ayeshaakamal.com/wp-content/uploads/2023/06/IMG_202306222135232-scaled.jpg]
[ayeshaakamal.com/wp-content/uploads/2023/08/IMG_5635-scaled.jpg]
[ayeshaakamal.com/wp-content/uploads/2023/08/IMG_2138-scaled.jpg]
[ayeshaakamal.com/wp-content/uploads/2023/08/IMG_6761-scaled.jpg]
[ayeshaakamal.com/wp-content/uploads/2023/07/IMG_0313-scaled.jpg]
[ayeshaakamal.com/wp-content/uploads/2023/08/IMG_2146-scaled.jpg]
[ayeshaakamal.com/wp-content/uploads/2023/08/IMG_2141-scaled.jpg]
[ayeshaakamal.com/wp-content/uploads/2023/07/IMG_0314-scaled.jpg]
[ayeshaakamal.com/wp-content/uploads/2023/10/IMG_202309041637240-scaled.jpg]
[ayeshaakamal.com/wp-content/uploads/2021/04/2022_01_29_10_35_IMG_2841.jpg]
[ayeshaakamal.com/wp-content/uploads/2023/10/IMG_202310012107340.jpg]
[ayeshaakamal.com/wp-content/uploads/2023/10/IMG_5913-scaled.jpg]
[ayeshaakamal.com/wp-content/uploads/2023/07/IMG_3176-scaled.jpg]
[ayeshaakamal.com/wp-content/uploads/2023/10/IMG_5916-scaled.jpg]
[ayeshaakamal.com/wp-content/uploads/2023/07/IMG_0521-scaled.jpg]
[ayeshaakamal.com/wp-content/uploads/2023/10/IMG_5905-scaled.jpg]
[ayeshaakamal.com/wp-content/uploads/2023/07/IMG_0466-scaled.jpg]
[ayeshaakamal.com/wp-content/uploads/2023/10/IMG_5911-scaled.jpg]
[ayeshaakamal.com/wp-content/uploads/2023/07/IMG_0536-scaled.jpg]
[ayeshaakamal.com/wp-content/uploads/2023/10/IMG_5482-scaled.jpg]
[ayeshaakamal.com/wp-content/uploads/2023/10/IMG_5552-scaled.jpg]
[ayeshaakamal.com/wp-content/uploads/2023/07/IMG_0542-scaled.jpg]
[ayeshaakamal.com/wp-content/uploads/2023/10/IMG_5907-scaled.jpg]
[ayeshaakamal.com/wp-content/uploads/2023/10/IMG_5906-scaled.jpg]
[ayeshaakamal.com/wp-content/uploads/2023/07/IMG_0532-scaled.jpg]
[ayeshaakamal.com/wp-content/uploads/2023/10/IMG_202310012033373-scaled.jpg]
[ayeshaakamal.com/availablepaintings/index.html]
[ayeshaakamal.com/wp-json/wp/v2/pages/3530.json]
[ayeshaakamal.com/wp-json/oembed/1.0/embed2c65.json]
[ayeshaakamal.com/wp-json/oembed/1.0/embedc1b5]
[ayeshaakamal.com/wp-content/uploads/2021/04/IMG_1989-851x1024.jpg]
[ayeshaakamal.com/wp-content/uploads/2023/06/IMG_7112-1024x511.jpg]
[ayeshaakamal.com/wp-content/uploads/2023/07/IMG_2023070316411132-1024x1024.jpg]
[ayeshaakamal.com/wp-content/uploads/2023/07/IMG_202307031641118-1024x844.jpg]
[ayeshaakamal.com/wp-content/uploads/2023/07/IMG_7004-1024x509.jpg]
[ayeshaakamal.com/wp-content/uploads/2023/07/IMG_2023070316411120-1024x1024.jpg]
[ayeshaakamal.com/wp-content/uploads/2023/07/IMG_2023070316411130-1024x516.jpg]
[ayeshaakamal.com/wp-content/uploads/2023/07/IMG_202307031641111.jpg]
[ayeshaakamal.com/wp-content/uploads/2021/04/2022_03_26_17_41_IMG_1296-1024x1024.jpg]
[ayeshaakamal.com/wp-content/uploads/2023/07/IMG_6110-1024x714.jpg]
[ayeshaakamal.com/wp-content/uploads/2023/07/IMG_2023070316411118-1013x1024.jpg]
[ayeshaakamal.com/wp-content/uploads/2023/07/IMG_2023070316411114-849x1024.jpg]
[ayeshaakamal.com/wp-content/uploads/2023/07/IMG_2023070316411115-scaled.jpg]
[ayeshaakamal.com/wp-content/uploads/2023/07/IMG_2046-1024x506.jpg]
[ayeshaakamal.com/wp-content/uploads/2021/04/IMG_0064-scaled.jpg]
[ayeshaakamal.com/paintings2/index.html]
[ayeshaakamal.com/wp-content/plugins/elementor/assets/lib/animations/animations.min8864.css]
[ayeshaakamal.com/wp-content/uploads/elementor/css/post-36129765.css]
[ayeshaakamal.com/wp-content/uploads/elementor/css/post-3620a1a4.css]
[ayeshaakamal.com/wp-content/uploads/elementor/css/post-21311580.css]
[ayeshaakamal.com/wp-content/plugins/wpforms-lite/assets/css/frontend/modern/wpforms-full.mine6a2.css]
[ayeshaakamal.com/wp-content/plugins/elementor/assets/lib/font-awesome/css/fontawesome.min52d5.css]
[ayeshaakamal.com/wp-content/plugins/elementor/assets/lib/font-awesome/webfonts/fa-regular-400.eot]
[ayeshaakamal.com/wp-content/plugins/elementor/assets/lib/font-awesome/webfonts/fa-regular-400d41d.eot]
[ayeshaakamal.com/wp-content/plugins/elementor/assets/lib/font-awesome/webfonts/fa-regular-400.woff2]
[ayeshaakamal.com/wp-content/plugins/elementor/assets/lib/font-awesome/webfonts/fa-regular-400.woff]
[ayeshaakamal.com/wp-content/plugins/elementor/assets/lib/font-awesome/webfonts/fa-regular-400.ttf]
[ayeshaakamal.com/wp-content/plugins/elementor/assets/lib/font-awesome/css/regular.min52d5.css]
[ayeshaakamal.com/wp-content/plugins/elementor/assets/lib/font-awesome/webfonts/fa-solid-900.eot]
[ayeshaakamal.com/wp-content/plugins/elementor/assets/lib/font-awesome/webfonts/fa-regular-400.svg]
[ayeshaakamal.com/wp-content/plugins/elementor/assets/lib/font-awesome/webfonts/fa-solid-900d41d.eot]
[ayeshaakamal.com/wp-content/plugins/elementor/assets/lib/font-awesome/webfonts/fa-solid-900.woff2]
[ayeshaakamal.com/wp-content/plugins/elementor/assets/lib/font-awesome/webfonts/fa-solid-900.woff]
[ayeshaakamal.com/wp-content/plugins/elementor/assets/lib/font-awesome/webfonts/fa-solid-900.ttf]
[ayeshaakamal.com/wp-content/plugins/elementor/assets/lib/font-awesome/css/solid.min52d5.css]
[ayeshaakamal.com/wp-content/plugins/wpforms-lite/assets/images/submit-spin.svg]
[ayeshaakamal.com/wp-content/uploads/elementor/css/post-36248a68.css]
[ayeshaakamal.com/wp-content/uploads/2023/07/IMG_0382.jpg]
[ayeshaakamal.com/wp-content/uploads/2023/07/IMG_0386.jpg]
[ayeshaakamal.com/wp-content/plugins/elementor/assets/lib/font-awesome/webfonts/fa-solid-900.svg]
[ayeshaakamal.com/wp-content/uploads/2023/07/IMG_0523-1024x578.jpg]
[ayeshaakamal.com/wp-content/uploads/elementor/css/post-35715c3e.css]
[ayeshaakamal.com/wp-content/uploads/2023/07/IMG_0400-1024x575.jpg]
[ayeshaakamal.com/wp-json/wp/v2/pages/3571.json]
[ayeshaakamal.com/wp-content/uploads/elementor/css/post-35309539.css]
[ayeshaakamal.com/wp-content/plugins/elementor/assets/lib/font-awesome/webfonts/fa-regular-400.svg]
[ayeshaakamal.com/wp-content/uploads/2023/10/IMG_5482-scaled.jpg]
[ayeshaakamal.com/wp-content/plugins/elementor/assets/lib/font-awesome/webfonts/fa-solid-900.svg]
