[wedding.nicdark.com/wedding-planner/index.html]
[backblue.gif]
[fade.gif]
[index.html]
[wedding.nicdark.com/wedding-planner/wp-includes/css/dist/block-library/style.minaec2.css]
[wedding.nicdark.com/wedding-planner/wp-content/plugins/woocommerce/packages/woocommerce-blocks/build/wc-blocks-vendors-styleb23e.css]
[wedding.nicdark.com/wedding-planner/feed/index.html]
[wedding.nicdark.com/wedding-planner/comments/feed/index.html]
[wedding.nicdark.com/wedding-planner/wp-content/plugins/woocommerce/packages/woocommerce-blocks/build/wc-blocks-styleb23e.css]
[wedding.nicdark.com/wedding-planner/wp-content/plugins/contact-form-7/includes/css/stylescfaa.css]
[wedding.nicdark.com/wedding-planner/wp-content/plugins/nd-elements/css/styleaec2.css]
[wedding.nicdark.com/wedding-planner/wp-content/plugins/nd-projects/assets/css/styleaec2.css]
[wedding.nicdark.com/wedding-planner/wp-content/plugins/woocommerce/assets/css/woocommerce-layoutf66a.css]
[wedding.nicdark.com/wedding-planner/wp-content/plugins/woocommerce/assets/css/woocommerce-smallscreenf66a.css]
[wedding.nicdark.com/wedding-planner/wp-content/plugins/woocommerce/assets/css/woocommercef66a.css]
[wedding.nicdark.com/wedding-planner/wp-content/themes/wedding/styleaec2.css]
[wedding.nicdark.com/wedding-planner/wp-content/plugins/elementor/assets/lib/eicons/css/elementor-icons.minfc13.css]
[wedding.nicdark.com/wedding-planner/wp-content/uploads/sites/3/elementor/css/custom-frontend-lite.mined6f.css]
[wedding.nicdark.com/wedding-planner/wp-content/plugins/elementor/assets/lib/swiper/css/swiper.min48f5.css]
[wedding.nicdark.com/wedding-planner/wp-content/uploads/sites/3/elementor/css/post-3ed6f.css]
[wedding.nicdark.com/wedding-planner/wp-content/uploads/sites/3/elementor/css/custom-pro-frontend-lite.mined6f.css]
[wedding.nicdark.com/wedding-planner/wp-content/uploads/sites/3/elementor/css/post-39ed6f.css]
[wedding.nicdark.com/wedding-planner/wp-content/uploads/sites/3/elementor/css/post-483162fc.css]
[wedding.nicdark.com/wedding-planner/wp-content/uploads/sites/3/elementor/css/post-454262fc.css]
[wedding.nicdark.com/wedding-planner/wp-content/uploads/sites/3/elementor/css/post-1362fc.css]
[wedding.nicdark.com/wedding-planner/wp-content/uploads/sites/3/elementor/css/post-1962fc.css]
[wedding.nicdark.com/wedding-planner/wp-content/plugins/elementor/assets/lib/font-awesome/css/fontawesome.min52d5.css]
[wedding.nicdark.com/wedding-planner/wp-content/plugins/elementor/assets/lib/font-awesome/css/solid.min52d5.css]
[wedding.nicdark.com/wedding-planner/wp-content/plugins/elementor/assets/lib/font-awesome/css/brands.min52d5.css]
[wedding.nicdark.com/wedding-planner/wp-includes/js/jquery/jquery.minf43b.js]
[wedding.nicdark.com/wedding-planner/wp-includes/js/jquery/jquery-migrate.min5589.js]
[wedding.nicdark.com/wedding-planner/wp-content/plugins/elementor-pro/assets/js/page-transitions.min2e9d.js]
[wedding.nicdark.com/wedding-planner/wp-json/index.html]
[wedding.nicdark.com/wedding-planner/wp-json/wp/v2/pages/39.json]
[wedding.nicdark.com/wedding-planner/wp-json/oembed/1.0/embedbdb5.json]
[wedding.nicdark.com/wedding-planner/wp-json/oembed/1.0/embedadd2]
[wedding.nicdark.com/wedding-planner/wp-content/uploads/sites/3/elementor/css/custom-pro-widget-nav-menu.min62fc.css]
[wedding.nicdark.com/wedding-planner/wp-content/uploads/sites/3/2023/02/logo.png]
[wedding.nicdark.com/wedding-planner/about/index.html]
[wedding.nicdark.com/wedding-planner/services/index.html]
[wedding.nicdark.com/wedding-planner/prices/index.html]
[wedding.nicdark.com/wedding-planner/shop/index.html]
[wedding.nicdark.com/wedding-planner/wp-content/uploads/sites/3/2023/02/leaf-04.png]
[wedding.nicdark.com/wedding-planner/wp-content/uploads/sites/3/2023/02/leaf-06.png]
[wedding.nicdark.com/wedding-planner/wp-content/uploads/sites/3/2023/02/leaf-08.png]
[wedding.nicdark.com/wedding-planner/category/blog/index.html]
[wedding.nicdark.com/wedding-planner/wp-content/uploads/sites/3/2023/02/leaf-09.png]
[wedding.nicdark.com/wedding-planner/product/isadora/index.html]
[wedding.nicdark.com/wedding-planner/wp-content/uploads/sites/3/2023/02/leaf-01.png]
[wedding.nicdark.com/wedding-planner/find-your-perfect-fit/index.html]
[wedding.nicdark.com/wedding-planner/wp-content/uploads/sites/3/2023/02/gallery-13-1024x654.jpg]
[wedding.nicdark.com/wedding-planner/contact/index.html]
[wedding.nicdark.com/wedding-planner/wp-content/uploads/sites/3/2023/02/gallery-15-1024x654.jpg]
[wedding.nicdark.com/wedding-planner/wp-content/uploads/sites/3/2023/02/gallery-17-1024x654.jpg]
[wedding.nicdark.com/wedding-planner/wp-content/uploads/sites/3/2023/02/gallery-18-1024x654.jpg]
[wedding.nicdark.com/wedding-planner/wp-content/uploads/sites/3/2023/02/service-1.png]
[wedding.nicdark.com/wedding-planner/cost-calculator/index.html]
[wedding.nicdark.com/wedding-planner/wp-content/uploads/sites/3/2023/02/footer-3.png]
[wedding.nicdark.com/wedding-planner/wp-content/uploads/sites/3/2023/02/footer-2.png]
[wedding.nicdark.com/wedding-planner/wp-content/uploads/sites/3/elementor/css/custom-pro-widget-flip-box.min62fc.css]
[wedding.nicdark.com/wedding-planner/wp-content/uploads/sites/3/2023/02/gallery-25-1024x683.jpg]
[wedding.nicdark.com/wedding-planner/wp-content/uploads/sites/3/2023/02/logo-07.png]
[wedding.nicdark.com/wedding-planner/wp-content/uploads/sites/3/2023/02/logo-03.png]
[wedding.nicdark.com/wedding-planner/wp-content/uploads/sites/3/2023/02/logo-05.png]
[wedding.nicdark.com/wedding-planner/wp-content/uploads/sites/3/2023/02/logo-02.png]
[wedding.nicdark.com/wedding-planner/wp-content/uploads/sites/3/2023/02/logo-06.png]
[wedding.nicdark.com/wedding-planner/wp-content/uploads/sites/3/2023/02/paral-02-1024x683.jpg]
[wedding.nicdark.com/wedding-planner/wp-content/uploads/sites/3/2023/02/paral-03-1024x689.jpg]
[wedding.nicdark.com/wedding-planner/wp-content/uploads/sites/3/elementor/css/custom-widget-icon-list.min62fc.css]
[wedding.nicdark.com/wedding-planner/wp-content/uploads/sites/3/2023/02/footer-01.png]
[wedding.nicdark.com/wedding-planner/wp-content/uploads/sites/3/2023/02/footer-02.png]
[wedding.nicdark.com/wedding-planner/wp-content/uploads/sites/3/2023/02/footer-03.png]
[wedding.nicdark.com/wedding-planner/wp-content/uploads/sites/3/2023/02/logo-08.png]
[wedding.nicdark.com/wedding-planner/wp-content/uploads/sites/3/2023/03/demo01-1024x671.jpg]
[wedding.nicdark.com/wedding-planner/wp-content/uploads/sites/3/2023/03/demo05-1024x671.jpg]
[wedding.nicdark.com/wedding-planner/wp-content/uploads/sites/3/2023/03/demo04-1024x671.jpg]
[wedding.nicdark.com/wedding-planner/wp-content/uploads/sites/3/2023/03/demo06-1024x671.jpg]
[wedding.nicdark.com/wedding-planner/wp-content/uploads/sites/3/2023/03/demo07-1024x671.jpg]
[wedding.nicdark.com/wedding-planner/wp-content/uploads/sites/3/2023/03/demo11-1024x671.jpg]
[wedding.nicdark.com/wedding-planner/wp-content/uploads/sites/3/2023/03/demo02-1024x671.jpg]
[wedding.nicdark.com/wedding-planner/wp-content/uploads/sites/3/2023/03/demo12-1024x671.jpg]
[wedding.nicdark.com/wedding-planner/wp-content/uploads/sites/3/2023/03/demo09-1024x671.jpg]
[wedding.nicdark.com/wedding-planner/wp-content/plugins/elementor/assets/lib/animations/animations.mina44d.css]
[wedding.nicdark.com/wedding-planner/wp-content/plugins/contact-form-7/includes/swv/js/indexcfaa.js]
[wedding.nicdark.com/wedding-planner/wp-content/plugins/contact-form-7/includes/js/indexcfaa.js]
[wedding.nicdark.com/wedding-planner/wp-content/plugins/woocommerce/assets/js/jquery-blockui/jquery.blockUI.min84b6.js]
[wedding.nicdark.com/wedding-planner/wp-content/plugins/woocommerce/assets/js/frontend/add-to-cart.minf66a.js]
[wedding.nicdark.com/wedding-planner/wp-content/plugins/woocommerce/assets/js/js-cookie/js.cookie.min9b6f.js]
[wedding.nicdark.com/wedding-planner/wp-content/plugins/woocommerce/assets/js/frontend/woocommerce.minf66a.js]
[wedding.nicdark.com/wedding-planner/wp-content/plugins/woocommerce/assets/js/frontend/cart-fragments.minf66a.js]
[wedding.nicdark.com/wedding-planner/wp-content/plugins/elementor-pro/assets/lib/instant-page/instant-page.min2e9d.js]
[wedding.nicdark.com/wedding-planner/wp-content/plugins/elementor-pro/assets/lib/smartmenus/jquery.smartmenus.minf269.js]
[wedding.nicdark.com/wedding-planner/wp-includes/js/imagesloaded.minbb93.js]
[wedding.nicdark.com/wedding-planner/wp-content/plugins/elementor/assets/lib/jquery-numerator/jquery-numerator.min3958.js]
[wedding.nicdark.com/wedding-planner/wp-content/plugins/elementor-pro/assets/js/webpack-pro.runtime.min2e9d.js]
[wedding.nicdark.com/wedding-planner/wp-content/plugins/elementor/assets/js/webpack.runtime.mina44d.js]
[wedding.nicdark.com/wedding-planner/wp-content/plugins/elementor/assets/js/frontend-modules.mina44d.js]
[wedding.nicdark.com/wedding-planner/wp-includes/js/dist/vendor/wp-polyfill-inert.min0226.js]
[wedding.nicdark.com/wedding-planner/wp-includes/js/dist/vendor/regenerator-runtime.min6c85.js]
[wedding.nicdark.com/wedding-planner/wp-includes/js/dist/vendor/wp-polyfill.min2c7c.js]
[wedding.nicdark.com/wedding-planner/wp-includes/js/dist/hooks.min2ebd.js]
[wedding.nicdark.com/wedding-planner/wp-includes/js/dist/i18n.minf92f.js]
[wedding.nicdark.com/wedding-planner/wp-content/plugins/elementor-pro/assets/js/frontend.min2e9d.js]
[wedding.nicdark.com/wedding-planner/wp-content/plugins/elementor/assets/lib/waypoints/waypoints.min05da.js]
[wedding.nicdark.com/wedding-planner/wp-includes/js/jquery/ui/core.min3f14.js]
[wedding.nicdark.com/wedding-planner/wp-content/plugins/elementor/assets/js/frontend.mina44d.js]
[wedding.nicdark.com/wedding-planner/index.html]
[wedding.nicdark.com/wedding-planner/wp-includes/css/dist/block-library/style.minaec2.css]
[wedding.nicdark.com/wedding-planner/wp-content/plugins/woocommerce/packages/woocommerce-blocks/build/wc-blocks-vendors-styleb23e.css]
[wedding.nicdark.com/wedding-planner/wp-content/plugins/woocommerce/packages/woocommerce-blocks/build/wc-blocks-styleb23e.css]
[wedding.nicdark.com/wedding-planner/wp-content/plugins/contact-form-7/includes/css/stylescfaa.css]
[wedding.nicdark.com/wedding-planner/wp-content/plugins/nd-elements/css/styleaec2.css]
[wedding.nicdark.com/wedding-planner/wp-content/plugins/nd-projects/assets/css/styleaec2.css]
[wedding.nicdark.com/wedding-planner/wp-content/plugins/woocommerce/assets/css/woocommerce-layoutf66a.css]
[wedding.nicdark.com/wedding-planner/wp-content/plugins/woocommerce/assets/css/woocommerce-smallscreenf66a.css]
[wedding.nicdark.com/wedding-planner/wp-content/plugins/elementor-pro/assets/js/elements-handlers.min2e9d.js]
[wedding.nicdark.com/wedding-planner/wp-content/plugins/woocommerce/assets/fonts/star.eot]
[wedding.nicdark.com/wedding-planner/wp-content/plugins/woocommerce/assets/fonts/stard41d.eot]
[wedding.nicdark.com/wedding-planner/wp-content/plugins/woocommerce/assets/fonts/star.woff]
[wedding.nicdark.com/wedding-planner/wp-content/plugins/woocommerce/assets/fonts/star.ttf]
[wedding.nicdark.com/wedding-planner/wp-content/plugins/woocommerce/assets/fonts/star.svg]
[wedding.nicdark.com/wedding-planner/wp-content/plugins/woocommerce/assets/fonts/WooCommerce.eot]
[wedding.nicdark.com/wedding-planner/wp-content/plugins/woocommerce/assets/fonts/WooCommerced41d.eot]
[wedding.nicdark.com/wedding-planner/wp-content/plugins/woocommerce/assets/fonts/WooCommerce.woff]
[wedding.nicdark.com/wedding-planner/wp-content/plugins/woocommerce/assets/fonts/WooCommerce.ttf]
[wedding.nicdark.com/wedding-planner/wp-content/plugins/woocommerce/assets/fonts/WooCommerce.svg]
[wedding.nicdark.com/wedding-planner/wp-content/plugins/woocommerce/assets/images/icons/loader.svg]
[wedding.nicdark.com/wedding-planner/wp-content/plugins/woocommerce/assets/images/icons/credit-cards/visa.svg]
[wedding.nicdark.com/wedding-planner/wp-content/plugins/woocommerce/assets/images/icons/credit-cards/mastercard.svg]
[wedding.nicdark.com/wedding-planner/wp-content/plugins/woocommerce/assets/images/icons/credit-cards/laser.svg]
[wedding.nicdark.com/wedding-planner/wp-content/plugins/woocommerce/assets/images/icons/credit-cards/diners.svg]
[wedding.nicdark.com/wedding-planner/wp-content/plugins/woocommerce/assets/images/icons/credit-cards/maestro.svg]
[wedding.nicdark.com/wedding-planner/wp-content/plugins/woocommerce/assets/images/icons/credit-cards/jcb.svg]
[wedding.nicdark.com/wedding-planner/wp-content/plugins/woocommerce/assets/images/icons/credit-cards/amex.svg]
[wedding.nicdark.com/wedding-planner/wp-content/plugins/woocommerce/assets/css/woocommercef66a.css]
[wedding.nicdark.com/wedding-planner/wp-content/themes/wedding/styleaec2.css]
[wedding.nicdark.com/wedding-planner/wp-content/plugins/woocommerce/assets/images/icons/credit-cards/discover.svg]
[wedding.nicdark.com/wedding-planner/wp-content/plugins/elementor/assets/lib/eicons/fonts/eiconsb732.eot]
[wedding.nicdark.com/wedding-planner/wp-content/plugins/elementor/assets/lib/eicons/fonts/eiconsb732.woff2]
[wedding.nicdark.com/wedding-planner/wp-content/plugins/elementor/assets/lib/eicons/fonts/eiconsb732.woff]
[wedding.nicdark.com/wedding-planner/wp-content/plugins/elementor/assets/lib/eicons/fonts/eiconsb732.ttf]
[wedding.nicdark.com/wedding-planner/wp-content/plugins/elementor/assets/lib/eicons/css/elementor-icons.minfc13.css]
[wedding.nicdark.com/wedding-planner/wp-content/uploads/sites/3/elementor/css/custom-frontend-lite.mined6f.css]
[wedding.nicdark.com/wedding-planner/wp-content/plugins/elementor/assets/lib/swiper/css/swiper.min48f5.css]
[wedding.nicdark.com/wedding-planner/wp-content/uploads/sites/3/elementor/css/post-3ed6f.css]
[wedding.nicdark.com/wedding-planner/wp-content/uploads/sites/3/elementor/css/custom-pro-frontend-lite.mined6f.css]
[wedding.nicdark.com/wedding-planner/wp-content/plugins/elementor/assets/lib/eicons/fonts/eiconsb732.svg]
[wedding.nicdark.com/wedding-planner/wp-content/uploads/sites/3/2023/02/gallery-02.jpg]
[wedding.nicdark.com/wedding-planner/wp-content/uploads/sites/3/elementor/css/post-39ed6f.css]
[wedding.nicdark.com/wedding-planner/wp-content/uploads/sites/3/elementor/css/post-483162fc.css]
[wedding.nicdark.com/wedding-planner/wp-content/uploads/sites/3/2023/02/parallax-04.jpg]
[wedding.nicdark.com/wedding-planner/wp-content/uploads/sites/3/elementor/css/post-454262fc.css]
[wedding.nicdark.com/wedding-planner/wp-content/uploads/sites/3/elementor/css/post-1362fc.css]
[wedding.nicdark.com/wedding-planner/wp-content/uploads/sites/3/elementor/css/post-1962fc.css]
[wedding.nicdark.com/wedding-planner/wp-content/plugins/elementor/assets/lib/font-awesome/css/fontawesome.min52d5.css]
[wedding.nicdark.com/wedding-planner/wp-content/plugins/elementor/assets/lib/font-awesome/webfonts/fa-solid-900.eot]
[wedding.nicdark.com/wedding-planner/wp-content/plugins/elementor/assets/lib/font-awesome/webfonts/fa-solid-900d41d.eot]
[wedding.nicdark.com/wedding-planner/wp-content/plugins/elementor/assets/lib/font-awesome/webfonts/fa-solid-900.woff2]
[wedding.nicdark.com/wedding-planner/wp-content/plugins/elementor/assets/lib/font-awesome/webfonts/fa-solid-900.woff]
[wedding.nicdark.com/wedding-planner/wp-content/plugins/elementor/assets/lib/font-awesome/webfonts/fa-solid-900.ttf]
[wedding.nicdark.com/wedding-planner/wp-content/plugins/elementor/assets/lib/font-awesome/css/solid.min52d5.css]
[wedding.nicdark.com/wedding-planner/wp-content/plugins/elementor/assets/lib/font-awesome/webfonts/fa-solid-900.svg]
[wedding.nicdark.com/wedding-planner/wp-content/plugins/elementor/assets/lib/font-awesome/webfonts/fa-brands-400.eot]
[wedding.nicdark.com/wedding-planner/wp-content/plugins/elementor/assets/lib/font-awesome/webfonts/fa-brands-400d41d.eot]
[wedding.nicdark.com/wedding-planner/wp-content/plugins/elementor/assets/lib/font-awesome/webfonts/fa-brands-400.woff2]
[wedding.nicdark.com/wedding-planner/wp-content/plugins/elementor/assets/lib/font-awesome/webfonts/fa-brands-400.woff]
[wedding.nicdark.com/wedding-planner/wp-content/plugins/elementor/assets/lib/font-awesome/webfonts/fa-brands-400.ttf]
[wedding.nicdark.com/wedding-planner/wp-content/plugins/elementor/assets/lib/font-awesome/css/brands.min52d5.css]
[wedding.nicdark.com/wedding-planner/wp-content/uploads/sites/3/elementor/css/custom-pro-widget-nav-menu.min62fc.css]
[wedding.nicdark.com/wedding-planner/wp-content/plugins/elementor/assets/lib/font-awesome/webfonts/fa-brands-400.svg]
[wedding.nicdark.com/wedding-planner/wp-content/uploads/sites/3/elementor/css/post-45539b4b.css]
[wedding.nicdark.com/wedding-planner/wp-json/wp/v2/pages/4553.json]
[wedding.nicdark.com/wedding-planner/wp-json/oembed/1.0/embedb357.json]
[wedding.nicdark.com/wedding-planner/wp-json/oembed/1.0/embedc4b8]
[wedding.nicdark.com/wedding-planner/wp-content/uploads/sites/3/2023/02/gallery-12-1024x988.jpg]
[wedding.nicdark.com/wedding-planner/wp-content/uploads/sites/3/2023/02/paral-01-1024x683.jpg]
[wedding.nicdark.com/wedding-planner/wp-content/uploads/sites/3/2023/02/logo-03-1.png]
[wedding.nicdark.com/wedding-planner/wp-content/uploads/sites/3/2023/02/logo-05-1.png]
[wedding.nicdark.com/wedding-planner/wp-content/uploads/sites/3/2023/02/logo-01-1.png]
[wedding.nicdark.com/wedding-planner/wp-content/uploads/sites/3/2023/02/logo-02-1.png]
[wedding.nicdark.com/wedding-planner/wp-content/uploads/sites/3/2023/02/logo-03-2.png]
[wedding.nicdark.com/wedding-planner/wp-content/uploads/sites/3/2023/02/logo-04-1.png]
[wedding.nicdark.com/wedding-planner/wp-content/uploads/sites/3/2023/02/logo-08-1.png]
[wedding.nicdark.com/wedding-planner/wp-content/plugins/elementor-pro/assets/css/widget-loop-builder.min.css]
[wedding.nicdark.com/wedding-planner/wp-content/uploads/sites/3/2023/01/post-07.jpg]
[wedding.nicdark.com/wedding-planner/wp-content/uploads/sites/3/2023/02/post-05.jpg]
[wedding.nicdark.com/wedding-planner/the-magic-of-weddings/index.html]
[wedding.nicdark.com/wedding-planner/wp-content/uploads/sites/3/2023/02/post-06-1.jpg]
[wedding.nicdark.com/wedding-planner/about/index.html]
[wedding.nicdark.com/wedding-planner/wp-content/uploads/sites/3/elementor/css/post-4469f0e4.css]
[wedding.nicdark.com/wedding-planner/a-dress-for-any-location/index.html]
[wedding.nicdark.com/wedding-planner/the-perfect-shoe/index.html]
[wedding.nicdark.com/wedding-planner/wp-content/uploads/sites/3/elementor/css/post-45544a24.css]
[wedding.nicdark.com/wedding-planner/wp-json/wp/v2/pages/4554.json]
[wedding.nicdark.com/wedding-planner/wp-json/oembed/1.0/embed7922.json]
[wedding.nicdark.com/wedding-planner/wp-json/oembed/1.0/embed4fc9]
[wedding.nicdark.com/wedding-planner/wp-content/uploads/sites/3/2023/02/paral-06-1024x684.jpg]
[wedding.nicdark.com/wedding-planner/wp-content/uploads/sites/3/2023/02/image_07.jpg]
[wedding.nicdark.com/wedding-planner/wp-content/uploads/sites/3/2023/02/gallery-02-1024x815.jpg]
[wedding.nicdark.com/wedding-planner/wp-content/uploads/sites/3/2023/02/paral-07-1-1024x683.jpg]
[wedding.nicdark.com/wedding-planner/wp-content/uploads/sites/3/2023/02/logo-06-1.png]
[wedding.nicdark.com/wedding-planner/wp-content/uploads/sites/3/2023/02/logo-07-1.png]
[wedding.nicdark.com/wedding-planner/wp-content/uploads/sites/3/2023/02/logo-02-2.png]
[wedding.nicdark.com/wedding-planner/wp-content/uploads/sites/3/2023/02/logo-01-2.png]
[wedding.nicdark.com/wedding-planner/wp-content/uploads/sites/3/2023/02/logo-white-05.png]
[wedding.nicdark.com/wedding-planner/wp-content/uploads/sites/3/2023/02/logo-white-04.png]
[wedding.nicdark.com/wedding-planner/wp-content/uploads/sites/3/2023/02/logo-white-03.png]
[wedding.nicdark.com/wedding-planner/wp-content/uploads/sites/3/2023/02/logo-white-02.png]
[wedding.nicdark.com/wedding-planner/wp-content/uploads/sites/3/2023/02/logo-white-01.png]
[wedding.nicdark.com/wedding-planner/wp-content/uploads/sites/3/2023/02/logo-white-06.png]
[wedding.nicdark.com/wedding-planner/services/index.html]
[wedding.nicdark.com/wedding-planner/wp-content/uploads/sites/3/elementor/css/post-455570f2.css]
[wedding.nicdark.com/wedding-planner/wp-json/wp/v2/pages/4555.json]
[wedding.nicdark.com/wedding-planner/wp-json/oembed/1.0/embed5a07.json]
[wedding.nicdark.com/wedding-planner/wp-json/oembed/1.0/embedeef8]
[wedding.nicdark.com/wedding-planner/wp-content/uploads/sites/3/2023/02/paral-04-1-1024x683.jpg]
[wedding.nicdark.com/wedding-planner/wp-content/uploads/sites/3/2023/02/gallery-14-1024x654.jpg]
[wedding.nicdark.com/wedding-planner/prices/index.html]
[wedding.nicdark.com/wedding-planner/wp-content/plugins/elementor-pro/assets/lib/sticky/jquery.sticky.min2e9d.js]
[wedding.nicdark.com/wedding-planner/wp-content/uploads/sites/3/elementor/css/post-4685026c.css]
[wedding.nicdark.com/wedding-planner/wp-content/plugins/elementor-pro/assets/css/widget-woocommerce.min.css]
[wedding.nicdark.com/wedding-planner/wp-content/uploads/sites/3/2023/02/shopp01.jpg]
[wedding.nicdark.com/wedding-planner/shop/feed/index.html]
[wedding.nicdark.com/wedding-planner/wp-content/uploads/sites/3/2023/02/shopp06.jpg]
[wedding.nicdark.com/wedding-planner/wp-content/uploads/sites/3/2023/02/shopp02.jpg]
[wedding.nicdark.com/wedding-planner/wp-content/uploads/sites/3/2023/02/shopp04.jpg]
[wedding.nicdark.com/wedding-planner/product/celeste-air/index.html]
[wedding.nicdark.com/wedding-planner/wp-content/uploads/sites/3/2023/02/shopp07.jpg]
[wedding.nicdark.com/wedding-planner/wp-content/uploads/sites/3/2023/02/shopp03.jpg]
[wedding.nicdark.com/wedding-planner/shop/index.html]
[wedding.nicdark.com/wedding-planner/product/eden-love/index.html]
[wedding.nicdark.com/wedding-planner/product/fila-love/index.html]
[wedding.nicdark.com/wedding-planner/product/harper-sweet/index.html]
[wedding.nicdark.com/wedding-planner/wp-content/uploads/sites/3/elementor/css/post-44066036.css]
[wedding.nicdark.com/wedding-planner/wp-content/uploads/sites/3/elementor/css/post-46820fd0.css]
[wedding.nicdark.com/wedding-planner/product/lil-rosalind/index.html]
[wedding.nicdark.com/wedding-planner/wp-json/wp/v2/product/4406.json]
[wedding.nicdark.com/wedding-planner/product/isadora/feed/index.html]
[wedding.nicdark.com/wedding-planner/wp-json/oembed/1.0/embed90a8.json]
[wedding.nicdark.com/wedding-planner/wp-json/oembed/1.0/embedfa86]
[wedding.nicdark.com/wedding-planner/wp-content/plugins/woocommerce/assets/js/frontend/single-product.minf66a.js]
[wedding.nicdark.com/wedding-planner/product/isadora/index.html]
[wedding.nicdark.com/wedding-planner/product-tag/wedding/index.html]
[wedding.nicdark.com/wedding-planner/product-category/shop/index.html]
[wedding.nicdark.com/wedding-planner/wp-content/uploads/sites/3/elementor/css/post-4540f0e4.css]
[wedding.nicdark.com/wedding-planner/category/blog/feed/index.html]
[wedding.nicdark.com/wedding-planner/wp-json/wp/v2/categories/6.json]
[wedding.nicdark.com/wedding-planner/wp-content/uploads/sites/3/2023/02/post-06.jpg]
[wedding.nicdark.com/wedding-planner/category/blog/index.html]
[wedding.nicdark.com/wedding-planner/wp-content/uploads/sites/3/elementor/css/post-4066ec86.css]
[wedding.nicdark.com/wedding-planner/wp-content/uploads/sites/3/elementor/css/post-4545005e.css]
[wedding.nicdark.com/wedding-planner/find-your-perfect-fit/feed/index.html]
[wedding.nicdark.com/wedding-planner/wp-json/wp/v2/posts/4066.json]
[wedding.nicdark.com/wedding-planner/wp-json/oembed/1.0/embed5848.json]
[wedding.nicdark.com/wedding-planner/wp-json/oembed/1.0/embed6c94]
[wedding.nicdark.com/wedding-planner/wp-content/uploads/sites/3/2023/02/post-06-1024x683.jpg]
[wedding.nicdark.com/wedding-atelier/wp-content/uploads/sites/5/2023/02/avatar-02.jpg]
[wedding.nicdark.com/wedding-atelier/wp-content/uploads/sites/5/2023/02/avatar-03.jpg]
[wedding.nicdark.com/wedding-planner/wp-content/plugins/elementor-pro/assets/css/widget-carousel.min.css]
[wedding.nicdark.com/wedding-atelier/wp-content/uploads/sites/5/2023/02/avatar-01.jpg]
[wedding.nicdark.com/wedding-planner/wp-content/uploads/sites/3/2023/02/paral-08-1-1024x683.jpg]
[wedding.nicdark.com/wedding-planner/wp-content/uploads/sites/3/2023/02/paral_06-1024x683.jpg]
[wedding.nicdark.com/wedding-planner/wp-content/uploads/sites/3/2023/02/paral-09-1024x683.jpg]
[wedding.nicdark.com/wedding-planner/find-your-perfect-fit/index.html]
[wedding.nicdark.com/wedding-planner/wp-content/plugins/elementor-pro/assets/css/widget-theme-elements.min.css]
[wedding.nicdark.com/wedding-planner/wp-content/uploads/sites/3/elementor/css/post-45569b4b.css]
[wedding.nicdark.com/wedding-planner/wp-json/wp/v2/pages/4556.json]
[wedding.nicdark.com/wedding-planner/wp-json/oembed/1.0/embed055b.json]
[wedding.nicdark.com/wedding-planner/contact/index.html]
[wedding.nicdark.com/wedding-planner/wp-json/oembed/1.0/embed28aa]
[wedding.nicdark.com/wedding-planner/wp-content/uploads/sites/3/elementor/css/post-4557f456.css]
[wedding.nicdark.com/wedding-planner/wp-json/wp/v2/pages/4557.json]
[wedding.nicdark.com/wedding-planner/wp-json/oembed/1.0/embedac9e.json]
[wedding.nicdark.com/wedding-planner/wp-json/oembed/1.0/embeda6c9]
[wedding.nicdark.com/wedding-planner/wp-content/plugins/nd-projects/addons/cost-calculator/include/down-arrow.png]
[wedding.nicdark.com/wedding-atelier/wp-content/uploads/sites/5/2023/02/logo-07.png]
[wedding.nicdark.com/wedding-atelier/wp-content/uploads/sites/5/2023/02/logo-06.png]
[wedding.nicdark.com/wedding-atelier/wp-content/uploads/sites/5/2023/02/logo-05.png]
[wedding.nicdark.com/wedding-atelier/wp-content/uploads/sites/5/2023/02/logo-03-1.png]
[wedding.nicdark.com/wedding-atelier/wp-content/uploads/sites/5/2023/02/icon-01.png]
[wedding.nicdark.com/wedding-planner/wp-content/uploads/sites/3/2023/02/image_08.jpg]
[wedding.nicdark.com/wedding-planner/wp-includes/js/jquery/ui/mouse.min3f14.js]
[wedding.nicdark.com/wedding-planner/cost-calculator/index.html]
[wedding.nicdark.com/wedding-planner/wp-content/uploads/sites/3/elementor/css/custom-pro-widget-flip-box.min62fc.css]
[wedding.nicdark.com/wedding-planner/wp-content/uploads/sites/3/elementor/css/custom-widget-icon-list.min62fc.css]
[wedding.nicdark.com/wedding-planner/wp-content/plugins/elementor/assets/lib/animations/animations.mina44d.css]
[wedding.nicdark.com/wedding-planner/wp-content/plugins/woocommerce/assets/fonts/star.svg]
[wedding.nicdark.com/wedding-planner/wp-content/plugins/woocommerce/assets/fonts/WooCommerce.svg]
[wedding.nicdark.com/wedding-planner/wp-content/plugins/woocommerce/assets/images/icons/loader.svg]
[wedding.nicdark.com/wedding-planner/wp-content/plugins/woocommerce/assets/images/icons/credit-cards/visa.svg]
[wedding.nicdark.com/wedding-planner/wp-content/plugins/woocommerce/assets/images/icons/credit-cards/mastercard.svg]
[wedding.nicdark.com/wedding-planner/wp-content/plugins/woocommerce/assets/images/icons/credit-cards/laser.svg]
[wedding.nicdark.com/wedding-planner/wp-content/plugins/woocommerce/assets/images/icons/credit-cards/diners.svg]
[wedding.nicdark.com/wedding-planner/wp-content/plugins/woocommerce/assets/images/icons/credit-cards/maestro.svg]
[wedding.nicdark.com/wedding-planner/wp-content/plugins/woocommerce/assets/images/icons/credit-cards/jcb.svg]
[wedding.nicdark.com/wedding-planner/wp-content/plugins/woocommerce/assets/images/icons/credit-cards/amex.svg]
[wedding.nicdark.com/wedding-planner/wp-content/plugins/woocommerce/assets/images/icons/credit-cards/discover.svg]
[wedding.nicdark.com/wedding-planner/wp-content/plugins/elementor/assets/lib/eicons/fonts/eiconsb732.svg]
[wedding.nicdark.com/wedding-planner/wp-content/plugins/elementor/assets/lib/font-awesome/webfonts/fa-solid-900.svg]
[wedding.nicdark.com/wedding-planner/wp-content/plugins/elementor/assets/lib/font-awesome/webfonts/fa-brands-400.svg]
[wedding.nicdark.com/wedding-planner/wp-includes/js/jquery/ui/slider.min3f14.js]
[wedding.nicdark.com/wedding-planner/wp-content/uploads/sites/3/2023/02/paral-04-1.jpg]
[wedding.nicdark.com/wedding-planner/wp-content/uploads/sites/3/2023/02/gallery-04.jpg]
[wedding.nicdark.com/wedding-planner/wp-content/uploads/sites/3/2023/02/gallery-01.jpg]
[wedding.nicdark.com/wedding-planner/wp-content/uploads/sites/3/2023/02/gallery-14.jpg]
[wedding.nicdark.com/wedding-planner/wp-content/uploads/sites/3/2023/02/gallery-13.jpg]
[wedding.nicdark.com/wedding-planner/wp-content/uploads/sites/3/2023/02/gallery-21.jpg]
[wedding.nicdark.com/wedding-planner/wp-content/uploads/sites/3/2023/02/gallery-15.jpg]
[wedding.nicdark.com/wedding-planner/wp-content/uploads/sites/3/elementor/css/post-45539b4b.css]
[wedding.nicdark.com/wedding-planner/index4816.html]
[wedding.nicdark.com/wedding-planner/wp-content/plugins/elementor-pro/assets/css/widget-loop-builder.min.css]
[wedding.nicdark.com/wedding-planner/wp-content/uploads/sites/3/elementor/css/post-44685aad.css]
[wedding.nicdark.com/wedding-planner/the-magic-of-weddings/feed/index.html]
[wedding.nicdark.com/wedding-planner/wp-json/wp/v2/posts/4468.json]
[wedding.nicdark.com/wedding-planner/wp-json/oembed/1.0/embed89a7.json]
[wedding.nicdark.com/wedding-planner/wp-json/oembed/1.0/embedd7d9]
[wedding.nicdark.com/wedding-planner/wp-content/uploads/sites/3/2023/01/post-07-1024x683.jpg]
[wedding.nicdark.com/wedding-planner/the-magic-of-weddings/index.html]
[wedding.nicdark.com/wedding-planner/wp-content/uploads/sites/3/elementor/css/post-40648fb5.css]
[wedding.nicdark.com/wedding-planner/the-perfect-shoe/feed/index.html]
[wedding.nicdark.com/wedding-planner/wp-json/wp/v2/posts/4064.json]
[wedding.nicdark.com/wedding-planner/wp-json/oembed/1.0/embedd501.json]
[wedding.nicdark.com/wedding-planner/wp-json/oembed/1.0/embed7cc9]
[wedding.nicdark.com/wedding-planner/wp-content/uploads/sites/3/2023/02/post-05-1024x683.jpg]
[wedding.nicdark.com/wedding-planner/the-perfect-shoe/index.html]
[wedding.nicdark.com/wedding-planner/wp-content/uploads/sites/3/elementor/css/post-4065005e.css]
[wedding.nicdark.com/wedding-planner/a-dress-for-any-location/feed/index.html]
[wedding.nicdark.com/wedding-planner/wp-json/wp/v2/posts/4065.json]
[wedding.nicdark.com/wedding-planner/wp-json/oembed/1.0/embedeb00.json]
[wedding.nicdark.com/wedding-planner/wp-json/oembed/1.0/embed7f06]
[wedding.nicdark.com/wedding-planner/wp-content/uploads/sites/3/2023/02/post-06-1-1024x683.jpg]
[wedding.nicdark.com/wedding-planner/a-dress-for-any-location/index.html]
[wedding.nicdark.com/wedding-planner/wp-content/uploads/sites/3/elementor/css/post-4469f0e4.css]
[wedding.nicdark.com/wedding-planner/wp-content/uploads/sites/3/2023/02/paral-08-1.jpg]
[wedding.nicdark.com/wedding-planner/wp-content/uploads/sites/3/2023/02/paral-09.jpg]
[wedding.nicdark.com/wedding-planner/wp-content/uploads/sites/3/2023/02/paral-07-1.jpg]
[wedding.nicdark.com/wedding-planner/wp-content/uploads/sites/3/elementor/css/post-45544a24.css]
[wedding.nicdark.com/wedding-planner/indexda84.html]
[wedding.nicdark.com/wedding-planner/wp-content/uploads/sites/3/2023/02/gallery-12.jpg]
[wedding.nicdark.com/wedding-planner/wp-content/uploads/sites/3/2023/02/post-10.jpg]
[wedding.nicdark.com/wedding-planner/wp-content/uploads/sites/3/2023/02/gallery-508.jpg]
[wedding.nicdark.com/wedding-planner/wp-content/uploads/sites/3/2023/02/paral_06.jpg]
[wedding.nicdark.com/wedding-planner/wp-content/uploads/sites/3/elementor/css/post-455570f2.css]
[wedding.nicdark.com/wedding-planner/indexe936.html]
[wedding.nicdark.com/wedding-planner/wp-content/uploads/sites/3/2023/02/par01.jpg]
[wedding.nicdark.com/wedding-planner/wp-content/uploads/sites/3/elementor/css/post-4685026c.css]
[wedding.nicdark.com/wedding-planner/wp-content/plugins/elementor-pro/assets/css/widget-woocommerce.min.css]
[wedding.nicdark.com/wedding-planner/wp-content/uploads/sites/3/elementor/css/post-414147cb.css]
[wedding.nicdark.com/wedding-planner/product/celeste-air/feed/index.html]
[wedding.nicdark.com/wedding-planner/wp-json/wp/v2/product/4141.json]
[wedding.nicdark.com/wedding-planner/wp-json/oembed/1.0/embedcad5.json]
[wedding.nicdark.com/wedding-planner/product/celeste-air/index.html]
[wedding.nicdark.com/wedding-planner/wp-json/oembed/1.0/embede995]
[wedding.nicdark.com/wedding-planner/shop/indexae07.html]
[wedding.nicdark.com/wedding-planner/product-tag/chiffon-and-tulle/index.html]
[wedding.nicdark.com/wedding-planner/cart/index.html]
[wedding.nicdark.com/wedding-planner/wp-content/uploads/sites/3/elementor/css/post-41460fd0.css]
[wedding.nicdark.com/wedding-planner/product/eden-love/feed/index.html]
[wedding.nicdark.com/wedding-planner/wp-json/wp/v2/product/4146.json]
[wedding.nicdark.com/wedding-planner/wp-json/oembed/1.0/embedadbf.json]
[wedding.nicdark.com/wedding-planner/product/eden-love/index.html]
[wedding.nicdark.com/wedding-planner/wp-json/oembed/1.0/embed8be3]
[wedding.nicdark.com/wedding-planner/shop/indexf708.html]
[wedding.nicdark.com/wedding-planner/product-tag/brocade-and-satin/index.html]
[wedding.nicdark.com/wedding-planner/wp-content/uploads/sites/3/elementor/css/post-41470fd0.css]
[wedding.nicdark.com/wedding-planner/product/fila-love/feed/index.html]
[wedding.nicdark.com/wedding-planner/wp-json/wp/v2/product/4147.json]
[wedding.nicdark.com/wedding-planner/wp-json/oembed/1.0/embede794.json]
[wedding.nicdark.com/wedding-planner/product/fila-love/index.html]
[wedding.nicdark.com/wedding-planner/wp-json/oembed/1.0/embedf4f8]
[wedding.nicdark.com/wedding-planner/product-tag/silk-and-mikado/index.html]
[wedding.nicdark.com/wedding-planner/shop/index0bf6.html]
[wedding.nicdark.com/wedding-planner/wp-content/uploads/sites/3/elementor/css/post-4148a800.css]
[wedding.nicdark.com/wedding-planner/product/harper-sweet/feed/index.html]
[wedding.nicdark.com/wedding-planner/wp-json/wp/v2/product/4148.json]
[wedding.nicdark.com/wedding-planner/wp-json/oembed/1.0/embed177e.json]
[wedding.nicdark.com/wedding-planner/product/harper-sweet/index.html]
[wedding.nicdark.com/wedding-planner/wp-json/oembed/1.0/embedd985]
[wedding.nicdark.com/wedding-planner/shop/indexe0a7.html]
[wedding.nicdark.com/wedding-planner/product-tag/organza-and-lace/index.html]
[wedding.nicdark.com/wedding-planner/shop/index5828.html]
[wedding.nicdark.com/wedding-planner/wp-content/uploads/sites/3/elementor/css/post-438409a1.css]
[wedding.nicdark.com/wedding-planner/product/lil-rosalind/feed/index.html]
[wedding.nicdark.com/wedding-planner/wp-json/wp/v2/product/4384.json]
[wedding.nicdark.com/wedding-planner/wp-json/oembed/1.0/embedfcb1.json]
[wedding.nicdark.com/wedding-planner/product/lil-rosalind/index.html]
[wedding.nicdark.com/wedding-planner/wp-json/oembed/1.0/embed6268]
[wedding.nicdark.com/wedding-planner/shop/index4a6e.html]
[wedding.nicdark.com/wedding-planner/wp-content/uploads/sites/3/elementor/css/post-44066036.css]
[wedding.nicdark.com/wedding-planner/wp-content/uploads/sites/3/elementor/css/post-46820fd0.css]
[wedding.nicdark.com/wedding-planner/index4fd9.html]
[wedding.nicdark.com/wedding-planner/product-category/shop/index.html]
[wedding.nicdark.com/wedding-planner/product-category/shop/feed/index.html]
[wedding.nicdark.com/wedding-planner/wp-json/wp/v2/product_cat/27.json]
[wedding.nicdark.com/wedding-planner/wp-json/wp/v2/product_tag/31.json]
[wedding.nicdark.com/wedding-planner/product-tag/wedding/index.html]
[wedding.nicdark.com/wedding-planner/product/isadora/index4a6e.html]
[wedding.nicdark.com/wedding-planner/product/isadora/index0bf6.html]
[wedding.nicdark.com/wedding-planner/product/isadora/indexf708.html]
[wedding.nicdark.com/wedding-planner/product-tag/wedding/feed/index.html]
[wedding.nicdark.com/wedding-planner/wp-content/uploads/sites/3/2023/02/paral-05-1.jpg]
[wedding.nicdark.com/wedding-planner/wp-content/uploads/sites/3/elementor/css/post-4540f0e4.css]
[wedding.nicdark.com/wedding-planner/wp-content/uploads/sites/3/elementor/css/post-4066ec86.css]
[wedding.nicdark.com/wedding-planner/wp-content/uploads/sites/3/elementor/css/post-4545005e.css]
[wedding.nicdark.com/wedding-planner/index4ca3.html]
[wedding.nicdark.com/wedding-planner/wp-content/plugins/elementor-pro/assets/css/widget-carousel.min.css]
[wedding.nicdark.com/wedding-planner/wp-content/plugins/elementor-pro/assets/css/widget-theme-elements.min.css]
[wedding.nicdark.com/wedding-planner/wp-content/uploads/sites/3/elementor/css/post-45569b4b.css]
[wedding.nicdark.com/wedding-planner/indexd92e.html]
[wedding.nicdark.com/wedding-planner/wp-content/uploads/sites/3/2023/02/gallery-25.jpg]
[wedding.nicdark.com/wedding-planner/wp-content/uploads/sites/3/2023/02/gallery-18-1.jpg]
[wedding.nicdark.com/wedding-planner/wp-content/uploads/sites/3/elementor/css/post-4557f456.css]
[wedding.nicdark.com/wedding-planner/index06e6.html]
[wedding.nicdark.com/wedding-planner/xmlrpc0db0.php]
[wedding.nicdark.com/wedding-planner/wp-content/uploads/sites/3/elementor/css/post-44685aad.css]
[wedding.nicdark.com/wedding-planner/indexddd7.html]
[wedding.nicdark.com/wedding-planner/wp-content/uploads/sites/3/elementor/css/post-40648fb5.css]
[wedding.nicdark.com/wedding-planner/index75a1.html]
[wedding.nicdark.com/wedding-planner/wp-content/uploads/sites/3/elementor/css/post-4065005e.css]
[wedding.nicdark.com/wedding-planner/index9c47.html]
[wedding.nicdark.com/wedding-planner/wp-content/uploads/sites/3/elementor/css/post-414147cb.css]
[wedding.nicdark.com/wedding-planner/index2993.html]
[wedding.nicdark.com/wedding-planner/product-tag/chiffon-and-tulle/feed/index.html]
[wedding.nicdark.com/wedding-planner/product-tag/chiffon-and-tulle/index.html]
[wedding.nicdark.com/wedding-planner/product/celeste-air/index4a6e.html]
[wedding.nicdark.com/wedding-planner/product/celeste-air/indexe0a7.html]
[wedding.nicdark.com/wedding-planner/product/celeste-air/index0bf6.html]
[wedding.nicdark.com/wedding-planner/wp-json/wp/v2/product_tag/26.json]
[wedding.nicdark.com/wedding-planner/wp-content/plugins/woocommerce/assets/css/select2f66a.css]
[wedding.nicdark.com/wedding-planner/wp-content/uploads/sites/3/elementor/css/post-4676ed15.css]
[wedding.nicdark.com/wedding-planner/wp-json/wp/v2/pages/4676.json]
[wedding.nicdark.com/wedding-planner/wp-json/oembed/1.0/embed2964.json]
[wedding.nicdark.com/wedding-planner/wp-json/oembed/1.0/embedf61e]
[wedding.nicdark.com/wedding-planner/wp-content/plugins/woocommerce/assets/js/frontend/country-select.minf66a.js]
[wedding.nicdark.com/wedding-planner/wp-content/plugins/woocommerce/assets/js/frontend/address-i18n.minf66a.js]
[wedding.nicdark.com/wedding-planner/wp-content/plugins/woocommerce/assets/js/frontend/cart.minf66a.js]
[wedding.nicdark.com/wedding-planner/cart/index.html]
[wedding.nicdark.com/wedding-planner/wp-content/uploads/sites/3/elementor/css/post-41460fd0.css]
[wedding.nicdark.com/wedding-planner/indexd5b5.html]
[wedding.nicdark.com/wedding-planner/wp-content/plugins/woocommerce/assets/js/selectWoo/selectWoo.full.min39ec.js]
[wedding.nicdark.com/wedding-planner/checkout/index.html]
[wedding.nicdark.com/wedding-planner/product-tag/brocade-and-satin/index.html]
[wedding.nicdark.com/wedding-planner/product/eden-love/index5828.html]
[wedding.nicdark.com/wedding-planner/product/eden-love/indexe0a7.html]
[wedding.nicdark.com/wedding-planner/product/eden-love/indexae07.html]
[wedding.nicdark.com/wedding-planner/wp-content/uploads/sites/3/elementor/css/post-41470fd0.css]
[wedding.nicdark.com/wedding-planner/indexe63e.html]
[wedding.nicdark.com/wedding-planner/wp-json/wp/v2/product_tag/28.json]
[wedding.nicdark.com/wedding-planner/product-tag/brocade-and-satin/feed/index.html]
[wedding.nicdark.com/wedding-planner/product-tag/silk-and-mikado/index.html]
[wedding.nicdark.com/wedding-planner/product/fila-love/index5828.html]
[wedding.nicdark.com/wedding-planner/product/fila-love/indexf708.html]
[wedding.nicdark.com/wedding-planner/product/fila-love/indexae07.html]
[wedding.nicdark.com/wedding-planner/wp-content/uploads/sites/3/elementor/css/post-4148a800.css]
[wedding.nicdark.com/wedding-planner/indexacf2.html]
[wedding.nicdark.com/wedding-planner/wp-json/wp/v2/product_tag/29.json]
[wedding.nicdark.com/wedding-planner/product-tag/silk-and-mikado/feed/index.html]
[wedding.nicdark.com/wedding-planner/product-tag/organza-and-lace/index.html]
[wedding.nicdark.com/wedding-planner/product/harper-sweet/index0bf6.html]
[wedding.nicdark.com/wedding-planner/product/harper-sweet/indexf708.html]
[wedding.nicdark.com/wedding-planner/product/harper-sweet/indexae07.html]
[wedding.nicdark.com/wedding-planner/wp-content/uploads/sites/3/elementor/css/post-438409a1.css]
[wedding.nicdark.com/wedding-planner/index5804.html]
[wedding.nicdark.com/wedding-planner/product/lil-rosalind/index5828.html]
[wedding.nicdark.com/wedding-planner/product/lil-rosalind/index0bf6.html]
[wedding.nicdark.com/wedding-planner/product/lil-rosalind/indexae07.html]
[wedding.nicdark.com/wedding-planner/product-category/shop/indexae07.html]
[wedding.nicdark.com/wedding-planner/product-category/shop/indexf708.html]
[wedding.nicdark.com/wedding-planner/product-category/shop/index0bf6.html]
[wedding.nicdark.com/wedding-planner/product-category/shop/indexe0a7.html]
[wedding.nicdark.com/wedding-planner/product-category/shop/index5828.html]
[wedding.nicdark.com/wedding-planner/product-category/shop/index4a6e.html]
[wedding.nicdark.com/wedding-planner/product-tag/wedding/index5828.html]
[wedding.nicdark.com/wedding-planner/product-tag/wedding/index4a6e.html]
[wedding.nicdark.com/wedding-planner/product-tag/chiffon-and-tulle/indexae07.html]
[wedding.nicdark.com/wedding-planner/wp-content/plugins/woocommerce/assets/css/select2f66a.css]
[wedding.nicdark.com/wedding-planner/wp-content/uploads/sites/3/elementor/css/post-4676ed15.css]
[wedding.nicdark.com/wedding-planner/indexee13.html]
[wedding.nicdark.com/wedding-planner/cart/index3125.html]
[wedding.nicdark.com/wedding-planner/wp-json/wp/v2/product_tag/30.json]
[wedding.nicdark.com/wedding-planner/cart/index6f0d.html]
[wedding.nicdark.com/wedding-planner/cart/indexc818.html]
[wedding.nicdark.com/wedding-planner/cart/index0c4d.html]
[wedding.nicdark.com/wedding-planner/cart/index691a.html]
[wedding.nicdark.com/wedding-planner/cart/indexd0d8.html]
[wedding.nicdark.com/wedding-planner/cart/indexaafe.html]
[wedding.nicdark.com/wedding-planner/wp-content/plugins/woocommerce-paypal-payments/modules/ppcp-button/assets/css/gateway1c12.css]
[wedding.nicdark.com/wedding-planner/product-tag/organza-and-lace/feed/index.html]
[wedding.nicdark.com/wedding-planner/wp-content/uploads/sites/3/elementor/css/post-46775437.css]
[wedding.nicdark.com/wedding-planner/wp-json/wp/v2/pages/4677.json]
[wedding.nicdark.com/wedding-planner/wp-json/oembed/1.0/embed8cab.json]
[wedding.nicdark.com/wedding-planner/wp-json/oembed/1.0/embed30ab]
[wedding.nicdark.com/wedding-planner/wp-content/plugins/woocommerce/assets/js/frontend/checkout.minf66a.js]
[wedding.nicdark.com/wedding-planner/wp-content/plugins/woocommerce-paypal-payments/modules/ppcp-button/assets/js/button1c12.js]
[wedding.nicdark.com/wedding-planner/wp-includes/js/zxcvbn-async.min5152.js]
[wedding.nicdark.com/wedding-planner/wp-admin/js/password-strength-meter.minaec2.js]
[wedding.nicdark.com/wedding-planner/checkout/index.html]
[wedding.nicdark.com/wedding-planner/product-tag/brocade-and-satin/indexf708.html]
[wedding.nicdark.com/wedding-planner/product-tag/silk-and-mikado/index0bf6.html]
[wedding.nicdark.com/wedding-planner/product-tag/organza-and-lace/indexe0a7.html]
[wedding.nicdark.com/wedding-planner/cart/indexaafe.html]
[wedding.nicdark.com/wedding-planner/wp-content/plugins/woocommerce-paypal-payments/modules/ppcp-button/assets/css/gateway1c12.css]
[wedding.nicdark.com/wedding-planner/wp-content/uploads/sites/3/elementor/css/post-46775437.css]
[wedding.nicdark.com/wedding-planner/indexa023.html]
[wedding.nicdark.com/wedding-planner/cart/index0581.html]
[wedding.nicdark.com/wedding-planner/cart/index7cbd.html]
[wedding.nicdark.com/wedding-planner/cart/index26e6.html]
[wedding.nicdark.com/wedding-planner/cart/index094d.html]
[wedding.nicdark.com/wedding-planner/wp-content/plugins/woocommerce/assets/js/frontend/password-strength-meter.minf66a.js]
