[art.seatheme.net/wordpress-art-gallery-theme/index.html]
[backblue.gif]
[fade.gif]
[index.html]
[art.seatheme.net/wordpress-art-gallery-theme/wp-content/uploads/sites/66/siteground-optimizer-assets/siteground-optimizer-combined-css-9f2f9ec6a7be54d5f3f22b18e564a8c5.css]
[art.seatheme.net/wordpress-art-gallery-theme/wp-content/uploads/sites/66/2022/02/HipposMedium-beta.woff2]
[art.seatheme.net/wordpress-art-gallery-theme/comments/feed/index.html]
[art.seatheme.net/wordpress-art-gallery-theme/wp-content/uploads/sites/66/2022/03/HipposSemi.01.woff2]
[art.seatheme.net/wordpress-art-gallery-theme/wp-content/uploads/sites/66/2022/03/HipposBold.01.woff2]
[art.seatheme.net/wordpress-art-gallery-theme/feed/index.html]
[art.seatheme.net/wordpress-art-gallery-theme/wp-includes/js/jquery/jquery.minf43b.js]
[art.seatheme.net/wordpress-art-gallery-theme/wp-json/wp/v2/pages/28.json]
[art.seatheme.net/wordpress-art-gallery-theme/wp-json/index.html]
[art.seatheme.net/wordpress-art-gallery-theme/wp-json/oembed/1.0/embed8bf8.json]
[art.seatheme.net/wordpress-art-gallery-theme/wp-json/oembed/1.0/embed3a6e]
[art.seatheme.net/wordpress-art-gallery-theme/wp-content/uploads/sites/66/2022/03/art-gallery-logo-dark.png]
[art.seatheme.net/wordpress-art-gallery-theme/wp-content/uploads/sites/66/2022/03/art-gallery-dark.png]
[art.seatheme.net/wordpress-art-gallery-theme/index.html]
[art.seatheme.net/wordpress-art-gallery-theme/wp-content/uploads/sites/66/siteground-optimizer-assets/siteground-optimizer-combined-js-0cf2893ff810b1f24ce3c68f2065285d.js]
[art.seatheme.net/wordpress-art-gallery-theme/artists/index.html]
[art.seatheme.net/wordpress-art-gallery-theme/exhibitions/index.html]
[art.seatheme.net/wordpress-art-gallery-theme/viewing-room/index.html]
[art.seatheme.net/wordpress-art-gallery-theme/publication/index.html]
[art.seatheme.net/wordpress-art-gallery-theme/exhibitions/exhibition/index.html]
[art.seatheme.net/wordpress-art-gallery-theme/contact/index.html]
[art.seatheme.net/wordpress-art-gallery-theme/wp-content/plugins/bm-builder/assets/font/seafont-semibold.woff2]
[art.seatheme.net/wordpress-art-gallery-theme/wp-content/plugins/bm-builder/assets/images/checked.svg]
[art.seatheme.net/wordpress-art-gallery-theme/artists/artist/index.html]
[art.seatheme.net/wordpress-art-gallery-theme/exhibitions/exhibition-item02/index.html]
[art.seatheme.net/wordpress-art-gallery-theme/product/elegant-spirits-publication-example/index.html]
[art.seatheme.net/wordpress-art-gallery-theme/wp-content/themes/art-theme/img/select.png]
[art.seatheme.net/wordpress-art-gallery-theme/wp-content/themes/art-theme/styles/webfonts/fa-solid-900.woff2]
[art.seatheme.net/wordpress-art-gallery-theme/wp-content/plugins/bm-builder/assets/css/skin/photoswipe/default/default-skin.png]
[art.seatheme.net/wordpress-art-gallery-theme/wp-content/uploads/sites/66/siteground-optimizer-assets/siteground-optimizer-combined-css-9f2f9ec6a7be54d5f3f22b18e564a8c5.css]
[art.seatheme.net/wordpress-art-gallery-theme/wp-admin/admin-ajax.html]
[www.googletagmanager.com/gtm5445.html]
[art.seatheme.net/wordpress-art-gallery-theme/wp-json/wp/v2/pages/262.json]
[art.seatheme.net/wordpress-art-gallery-theme/wp-json/oembed/1.0/embedaa02.json]
[art.seatheme.net/wordpress-art-gallery-theme/wp-json/oembed/1.0/embed4306]
[art.seatheme.net/wordpress-art-gallery-theme/artists/index.html]
[art.seatheme.net/wordpress-art-gallery-theme/wp-content/uploads/sites/66/siteground-optimizer-assets/siteground-optimizer-combined-js-091576dd04f7462c5b276c0b6a31463f.js]
[art.seatheme.net/wordpress-art-gallery-theme/wp-json/wp/v2/pages/237.json]
[art.seatheme.net/wordpress-art-gallery-theme/wp-json/oembed/1.0/embedeb57.json]
[art.seatheme.net/wordpress-art-gallery-theme/exhibitions/index.html]
[art.seatheme.net/wordpress-art-gallery-theme/wp-json/oembed/1.0/embed2d01]
[art.seatheme.net/wordpress-art-gallery-theme/wp-json/wp/v2/pages/297.json]
[art.seatheme.net/wordpress-art-gallery-theme/wp-json/oembed/1.0/embed8a5c.json]
[art.seatheme.net/wordpress-art-gallery-theme/wp-json/oembed/1.0/embed7cfb]
[art.seatheme.net/wordpress-art-gallery-theme/viewing-room/index.html]
[art.seatheme.net/wordpress-art-gallery-theme/wp-content/uploads/sites/66/siteground-optimizer-assets/siteground-optimizer-combined-js-e94f2e1cad9560ad9bd9f53742445eb3.js]
[art.seatheme.net/wordpress-art-gallery-theme/wp-json/wp/v2/pages/303.json]
[art.seatheme.net/wordpress-art-gallery-theme/wp-json/oembed/1.0/embedc61f.json]
[art.seatheme.net/wordpress-art-gallery-theme/wp-json/oembed/1.0/embed47e5]
[art.seatheme.net/wordpress-art-gallery-theme/publication/index.html]
[art.seatheme.net/wordpress-art-gallery-theme/wp-content/uploads/sites/66/siteground-optimizer-assets/siteground-optimizer-combined-js-58d1eb1695095993b64aad1d7f873399.js]
[art.seatheme.net/wordpress-art-gallery-theme/product/van-gogh-the-complete-paintings/index.html]
[art.seatheme.net/wordpress-art-gallery-theme/product/codex-seraphinianus/index.html]
[art.seatheme.net/wordpress-art-gallery-theme/wp-json/wp/v2/pages/305.json]
[art.seatheme.net/wordpress-art-gallery-theme/wp-json/oembed/1.0/embedadd1.json]
[art.seatheme.net/wordpress-art-gallery-theme/wp-json/oembed/1.0/embedf7c1]
[art.seatheme.net/wordpress-art-gallery-theme/wp-content/uploads/sites/66/2022/02/edgar-chaparro-90-unsplash.png]
[art.seatheme.net/wordpress-art-gallery-theme/wp-content/uploads/sites/66/2022/02/laura-cleffmann-unsplash.png]
[art.seatheme.net/wordpress-art-gallery-theme/wp-content/uploads/sites/66/2022/02/martino-pietropoli-unsplash.png]
[art.seatheme.net/wordpress-art-gallery-theme/wp-content/uploads/sites/66/2022/02/2-mod-eri-panci-ABdRtZKWJfE-unsplash.jpg]
[art.seatheme.net/wordpress-art-gallery-theme/wp-content/uploads/sites/66/siteground-optimizer-assets/siteground-optimizer-combined-js-842e1366e51a76612e4f167ee38b1a86.js]
[art.seatheme.net/wordpress-art-gallery-theme/contact/index.html]
[art.seatheme.net/wordpress-art-gallery-theme/wp-json/wp/v2/pages/6.json]
[art.seatheme.net/wordpress-art-gallery-theme/wp-json/oembed/1.0/embed8968.json]
[art.seatheme.net/wordpress-art-gallery-theme/wp-json/oembed/1.0/embed2866]
[art.seatheme.net/wordpress-art-gallery-theme/exhibitions/exhibition/index.html]
[art.seatheme.net/wordpress-art-gallery-theme/exhibition/index.html]
[art.seatheme.net/wordpress-art-gallery-theme/wp-content/uploads/sites/66/siteground-optimizer-assets/siteground-optimizer-combined-js-4f8cd6acf3ed58f7e89c1a75e7611611.js]
[art.seatheme.net/wordpress-art-gallery-theme/wp-json/wp/v2/pages/160.json]
[art.seatheme.net/wordpress-art-gallery-theme/wp-json/oembed/1.0/embed6a0a.json]
[art.seatheme.net/wordpress-art-gallery-theme/exhibitions/exhibition-item02/index.html]
[art.seatheme.net/wordpress-art-gallery-theme/wp-json/oembed/1.0/embedb005]
[art.seatheme.net/wordpress-art-gallery-theme/wp-content/uploads/sites/66/2022/02/bharath-g-s-unsplash.png]
[art.seatheme.net/wordpress-art-gallery-theme/wp-json/wp/v2/pages/2.json]
[art.seatheme.net/wordpress-art-gallery-theme/wp-json/oembed/1.0/embed413c.json]
[art.seatheme.net/wordpress-art-gallery-theme/wp-json/oembed/1.0/embed3805]
[art.seatheme.net/wordpress-art-gallery-theme/artists/artist/index.html]
[art.seatheme.net/wordpress-art-gallery-theme/wp-content/uploads/sites/66/siteground-optimizer-assets/siteground-optimizer-combined-js-14a37b7aa9bb5ee13a430f6d14d89288.js]
[art.seatheme.net/wordpress-art-gallery-theme/works/artworks-01/index.html]
[art.seatheme.net/wordpress-art-gallery-theme/works/artworks-04/index.html]
[art.seatheme.net/wordpress-art-gallery-theme/works/artworks-03/index.html]
[art.seatheme.net/wordpress-art-gallery-theme/wp-content/uploads/sites/66/2022/03/jocelyn-morales.jpg]
[art.seatheme.net/wordpress-art-gallery-theme/works/artworks-02-2/index.html]
[art.seatheme.net/wordpress-art-gallery-theme/wp-content/plugins/woocommerce/assets/css/woocommerce-smallscreen.min3781.css]
[art.seatheme.net/wordpress-art-gallery-theme/wp-content/uploads/sites/66/siteground-optimizer-assets/siteground-optimizer-combined-css-ab1461d627f616f87ebe094d64f1dc74.css]
[art.seatheme.net/wordpress-art-gallery-theme/works/artworks-01-2/index.html]
[art.seatheme.net/wordpress-art-gallery-theme/product/elegant-spirits-publication-example/feed/index.html]
[art.seatheme.net/wordpress-art-gallery-theme/wp-json/wp/v2/product/488.json]
[art.seatheme.net/wordpress-art-gallery-theme/wp-json/oembed/1.0/embede902.json]
[art.seatheme.net/wordpress-art-gallery-theme/wp-json/oembed/1.0/embedbe61]
[art.seatheme.net/wordpress-art-gallery-theme/wp-content/uploads/sites/66/2022/03/shayna-douglas.jpg]
[art.seatheme.net/wordpress-art-gallery-theme/wp-content/uploads/sites/66/2022/03/studio-media.jpg]
[art.seatheme.net/wordpress-art-gallery-theme/wp-content/uploads/sites/66/2022/03/true-agency.jpg]
[art.seatheme.net/wordpress-art-gallery-theme/product-category/uncategorized/index.html]
[assets.pinterest.com/js/pinmarklet2a3b.js]
[art.seatheme.net/wordpress-art-gallery-theme/wp-content/uploads/sites/66/2022/03/stil-1200-900-300x300.jpg]
[art.seatheme.net/wordpress-art-gallery-theme/wp-content/uploads/sites/66/2022/03/jeet-dhanoa-1200-900-300x300.jpg]
[art.seatheme.net/wordpress-art-gallery-theme/product/elegant-spirits-publication-example/index.html]
[art.seatheme.net/wordpress-art-gallery-theme/wp-content/plugins/bm-builder/assets/images/checked.svg]
[art.seatheme.net/wordpress-art-gallery-theme/index7d69.html]
[art.seatheme.net/wordpress-art-gallery-theme/index8a71.html]
[art.seatheme.net/wordpress-art-gallery-theme/index07ee.html]
[art.seatheme.net/wordpress-art-gallery-theme/single-viewing-room/index.html]
[art.seatheme.net/wordpress-art-gallery-theme/wp-content/uploads/sites/66/siteground-optimizer-assets/siteground-optimizer-combined-js-45e7d13f331ea12f2ef628fbf44ac805.js]
[art.seatheme.net/wordpress-art-gallery-theme/indexa853.html]
[art.seatheme.net/wordpress-art-gallery-theme/wp-content/uploads/sites/66/2022/03/jeet-dhanoa-1200-900.jpg]
[art.seatheme.net/wordpress-art-gallery-theme/product/elegant-spirits-publication-example/indexa94f.html]
[art.seatheme.net/wordpress-art-gallery-theme/product/elegant-spirits-publication-example/indexec14.html]
[art.seatheme.net/wordpress-art-gallery-theme/viewing-room/single-viewing-room/index.html]
[art.seatheme.net/wordpress-art-gallery-theme/product/van-gogh-the-complete-paintings/feed/index.html]
[art.seatheme.net/wordpress-art-gallery-theme/wp-json/wp/v2/product/491.json]
[art.seatheme.net/wordpress-art-gallery-theme/wp-json/oembed/1.0/embede725.json]
[art.seatheme.net/wordpress-art-gallery-theme/wp-json/oembed/1.0/embedc27d]
[art.seatheme.net/wordpress-art-gallery-theme/wp-content/uploads/sites/66/2022/03/jocelyn-morales-300x300.jpg]
[art.seatheme.net/wordpress-art-gallery-theme/product/van-gogh-the-complete-paintings/index.html]
[art.seatheme.net/wordpress-art-gallery-theme/wp-content/uploads/sites/66/2022/03/stil-1200-900.jpg]
[art.seatheme.net/wordpress-art-gallery-theme/product/van-gogh-the-complete-paintings/indexa94f.html]
[art.seatheme.net/wordpress-art-gallery-theme/product/van-gogh-the-complete-paintings/indexd729.html]
[art.seatheme.net/wordpress-art-gallery-theme/product/codex-seraphinianus/feed/index.html]
[art.seatheme.net/wordpress-art-gallery-theme/wp-json/wp/v2/product/490.json]
[art.seatheme.net/wordpress-art-gallery-theme/wp-json/oembed/1.0/embed19a1.json]
[art.seatheme.net/wordpress-art-gallery-theme/product/codex-seraphinianus/index.html]
[art.seatheme.net/wordpress-art-gallery-theme/index4720.html]
[art.seatheme.net/wordpress-art-gallery-theme/index42dc.html]
[art.seatheme.net/wordpress-art-gallery-theme/index9c2b.html]
[art.seatheme.net/wordpress-art-gallery-theme/index905b.html]
[art.seatheme.net/wordpress-art-gallery-theme/wp-json/oembed/1.0/embed0031]
[art.seatheme.net/wordpress-art-gallery-theme/wp-content/uploads/sites/66/2022/02/steve-johnson-unsplash.png]
[art.seatheme.net/wordpress-art-gallery-theme/product/codex-seraphinianus/indexd729.html]
[art.seatheme.net/wordpress-art-gallery-theme/product/codex-seraphinianus/indexec14.html]
[art.seatheme.net/wordpress-art-gallery-theme/wp-json/wp/v2/ux-portfolio/128.json]
[art.seatheme.net/wordpress-art-gallery-theme/wp-json/oembed/1.0/embedf18c.json]
[art.seatheme.net/wordpress-art-gallery-theme/works/artworks-01/index.html]
[art.seatheme.net/wordpress-art-gallery-theme/wp-json/oembed/1.0/embed024f]
[art.seatheme.net/wordpress-art-gallery-theme/wp-content/uploads/sites/66/2022/02/steve-johnson-unsplash-1.png]
[art.seatheme.net/wordpress-art-gallery-theme/wp-json/wp/v2/ux-portfolio/130.json]
[art.seatheme.net/wordpress-art-gallery-theme/wp-json/oembed/1.0/embed9f41.json]
[art.seatheme.net/wordpress-art-gallery-theme/works/artworks-04/index.html]
[art.seatheme.net/wordpress-art-gallery-theme/wp-json/oembed/1.0/embed2563]
[art.seatheme.net/wordpress-art-gallery-theme/wp-content/uploads/sites/66/2022/02/jene-stephaniuk-unsplash.png]
[art.seatheme.net/wordpress-art-gallery-theme/wp-json/wp/v2/ux-portfolio/131.json]
[art.seatheme.net/wordpress-art-gallery-theme/wp-json/oembed/1.0/embedfc22.json]
[art.seatheme.net/wordpress-art-gallery-theme/works/artworks-03/index.html]
[art.seatheme.net/wordpress-art-gallery-theme/wp-json/oembed/1.0/embed5b4f]
[art.seatheme.net/wordpress-art-gallery-theme/wp-content/uploads/sites/66/2022/02/steve-johnson-1-unsplash.png]
[art.seatheme.net/wordpress-art-gallery-theme/wp-json/wp/v2/ux-portfolio/134.json]
[art.seatheme.net/wordpress-art-gallery-theme/wp-json/oembed/1.0/embed6ab6.json]
[art.seatheme.net/wordpress-art-gallery-theme/works/artworks-02-2/index.html]
[art.seatheme.net/wordpress-art-gallery-theme/wp-json/oembed/1.0/embed83f8]
[art.seatheme.net/wordpress-art-gallery-theme/wp-content/uploads/sites/66/2022/02/steve-johnson-n4jScSdjZCA-unsplash.jpg]
[art.seatheme.net/wordpress-art-gallery-theme/wp-json/wp/v2/ux-portfolio/138.json]
[art.seatheme.net/wordpress-art-gallery-theme/wp-json/oembed/1.0/embed408f.json]
[art.seatheme.net/wordpress-art-gallery-theme/works/artworks-01-2/index.html]
[art.seatheme.net/wordpress-art-gallery-theme/wp-json/oembed/1.0/embed3dc6]
[art.seatheme.net/wordpress-art-gallery-theme/wp-content/plugins/woocommerce/assets/fonts/star.eot]
[art.seatheme.net/wordpress-art-gallery-theme/wp-content/uploads/sites/66/siteground-optimizer-assets/siteground-optimizer-combined-css-ab1461d627f616f87ebe094d64f1dc74.css]
[art.seatheme.net/wordpress-art-gallery-theme/wp-content/plugins/woocommerce/assets/css/woocommerce-smallscreen.min3781.css]
[art.seatheme.net/wordpress-art-gallery-theme/indexfaa1.html]
[art.seatheme.net/wordpress-art-gallery-theme/product-category/uncategorized/feed/index.html]
[art.seatheme.net/wordpress-art-gallery-theme/wp-json/wp/v2/product_cat/18.json]
[art.seatheme.net/wordpress-art-gallery-theme/product-category/uncategorized/index.html]
[art.seatheme.net/wordpress-art-gallery-theme/wp-content/uploads/sites/66/siteground-optimizer-assets/siteground-optimizer-combined-js-07c4ee53374f01adcd979c874ddcee59.js]
[art.seatheme.net/wordpress-art-gallery-theme/product/elegant-spirits-publication-example/indexa94f.html]
[art.seatheme.net/wordpress-art-gallery-theme/cart/index.html]
[art.seatheme.net/wordpress-art-gallery-theme/product/elegant-spirits-publication-example/indexec14.html]
[art.seatheme.net/wordpress-art-gallery-theme/xmlrpc.php]
[art.seatheme.net/wordpress-art-gallery-theme/xmlrpc0db0.php]
[art.seatheme.net/wordpress-art-gallery-theme/product-category/uncategorized/indexa94f.html]
[art.seatheme.net/wordpress-art-gallery-theme/product-category/uncategorized/indexd729.html]
[art.seatheme.net/wordpress-art-gallery-theme/product-category/uncategorized/indexec14.html]
[art.seatheme.net/wordpress-art-gallery-theme/wp-json/wp/v2/pages/301.json]
[art.seatheme.net/wordpress-art-gallery-theme/wp-json/oembed/1.0/embed800b.json]
[art.seatheme.net/wordpress-art-gallery-theme/wp-json/oembed/1.0/embed9029]
[art.seatheme.net/wordpress-art-gallery-theme/wp-content/uploads/sites/66/2022/03/eri-panci-1600.jpg]
[art.seatheme.net/wordpress-art-gallery-theme/viewing-room/single-viewing-room/index.html]
[art.seatheme.net/wordpress-art-gallery-theme/index87e8.html]
[art.seatheme.net/wordpress-art-gallery-theme/product/van-gogh-the-complete-paintings/indexd729.html]
[art.seatheme.net/wordpress-art-gallery-theme/product/van-gogh-the-complete-paintings/indexa94f.html]
[art.seatheme.net/wordpress-art-gallery-theme/indexb015.html]
[art.seatheme.net/wordpress-art-gallery-theme/product/codex-seraphinianus/indexec14.html]
[art.seatheme.net/wordpress-art-gallery-theme/product/codex-seraphinianus/indexd729.html]
[art.seatheme.net/wordpress-art-gallery-theme/index913e.html]
[art.seatheme.net/wordpress-art-gallery-theme/index8b4e.html]
[art.seatheme.net/wordpress-art-gallery-theme/indexd52d.html]
[art.seatheme.net/wordpress-art-gallery-theme/index47f2.html]
[art.seatheme.net/wordpress-art-gallery-theme/index1a26.html]
[art.seatheme.net/wordpress-art-gallery-theme/product-category/uncategorized/indexa94f.html]
[art.seatheme.net/wordpress-art-gallery-theme/product-category/uncategorized/indexd729.html]
[art.seatheme.net/wordpress-art-gallery-theme/product-category/uncategorized/indexec14.html]
[art.seatheme.net/wordpress-art-gallery-theme/wp-content/uploads/sites/66/siteground-optimizer-assets/siteground-optimizer-combined-js-bdac3e5b105312d845b6045f686ecb07.js]
[art.seatheme.net/wordpress-art-gallery-theme/wp-content/uploads/sites/66/siteground-optimizer-assets/siteground-optimizer-combined-css-f89cc4a62d428410be11b7efaa15066f.css]
[art.seatheme.net/wordpress-art-gallery-theme/wp-json/wp/v2/pages/483.json]
[art.seatheme.net/wordpress-art-gallery-theme/wp-json/oembed/1.0/embedf58e.json]
[art.seatheme.net/wordpress-art-gallery-theme/wp-json/oembed/1.0/embed8a45]
[art.seatheme.net/wordpress-art-gallery-theme/cart/index.html]
[art.seatheme.net/wordpress-art-gallery-theme/checkout/index.html]
[art.seatheme.net/wordpress-art-gallery-theme/index8a7d.html]
[art.seatheme.net/wordpress-art-gallery-theme/wp-content/uploads/sites/66/siteground-optimizer-assets/siteground-optimizer-combined-css-f89cc4a62d428410be11b7efaa15066f.css]
[art.seatheme.net/wordpress-art-gallery-theme/index3758.html]
[art.seatheme.net/wordpress-art-gallery-theme/wp-content/uploads/sites/66/siteground-optimizer-assets/siteground-optimizer-combined-js-c6fc090415f2821dfe17e5ea8d01e873.js]
[art.seatheme.net/wordpress-art-gallery-theme/cart/indexb3f7.html]
[art.seatheme.net/wordpress-art-gallery-theme/cart/indexb350.html]
[art.seatheme.net/wordpress-art-gallery-theme/wp-json/wp/v2/pages/484.json]
[art.seatheme.net/wordpress-art-gallery-theme/wp-json/oembed/1.0/embedf955.json]
[art.seatheme.net/wordpress-art-gallery-theme/wp-json/oembed/1.0/embed9989]
[art.seatheme.net/wordpress-art-gallery-theme/checkout/index.html]
[art.seatheme.net/wordpress-art-gallery-theme/cart/indexaafe.html]
[art.seatheme.net/wordpress-art-gallery-theme/index4c50.html]
[art.seatheme.net/wordpress-art-gallery-theme/wp-content/uploads/sites/66/siteground-optimizer-assets/siteground-optimizer-combined-js-b9fd67ce69dc4c66f32e6975c69bb44b.js]
[art.seatheme.net/wordpress-art-gallery-theme/cart/index6ce2.html]
